07-02 16:26:26.423 22931 22961 I TestRunner: started: vertical_scrolling(com.example.dogglers.VerticalListTests)
07-02 16:26:26.434 22931 22961 W Settings: Setting always_finish_activities has moved from android.provider.Settings.System to android.provider.Settings.Global, returning read-only value.
07-02 16:26:26.444   795   874 D SplashScreenView: Build android.window.SplashScreenView{f0ce305 V.E...... ......ID 0,0-0,0}
07-02 16:26:26.444   795   874 D SplashScreenView: Icon: view: null drawable: null size: 0
07-02 16:26:26.444   795   874 D SplashScreenView: Branding: view: android.view.View{865f5a G.ED..... ......I. 0,0-0,0 #10204a6 android:id/splashscreen_branding_view} drawable: null size w: 0 h: 0
07-02 16:26:26.450 22931 22931 D LifecycleMonitor: Lifecycle status change: androidx.test.core.app.InstrumentationActivityInvoker$BootstrapActivity@7f58624 in: PRE_ON_CREATE
07-02 16:26:26.451 22931 22931 V ActivityScenario: Activity lifecycle changed event received but ignored because the intent does not match. startActivityIntent=Intent { act=android.intent.action.MAIN cat=[android.intent.category.LAUNCHER] cmp=com.example.dogglers/.VerticalListActivity }, activity.getIntent()=Intent { act=android.intent.action.MAIN cat=[android.intent.category.LAUNCHER] flg=0x10008000 cmp=com.example.dogglers/androidx.test.core.app.InstrumentationActivityInvoker$BootstrapActivity (has extras) }, activity=androidx.test.core.app.InstrumentationActivityInvoker$BootstrapActivity@7f58624
07-02 16:26:26.455   336   401 D goldfish-address-space: claimShared: Ask to claim region [0x1ec000000 0x1ec9a4000]
07-02 16:26:26.457   336   401 D goldfish-address-space: claimShared: Ask to claim region [0x1ee318000 0x1eecbc000]
07-02 16:26:26.459   336   401 D goldfish-address-space: claimShared: Ask to claim region [0x1eecbc000 0x1ef660000]
07-02 16:26:26.463 22931 22931 D LifecycleMonitor: Lifecycle status change: androidx.test.core.app.InstrumentationActivityInvoker$BootstrapActivity@7f58624 in: CREATED
07-02 16:26:26.463 22931 22931 V ActivityScenario: Activity lifecycle changed event received but ignored because the intent does not match. startActivityIntent=Intent { act=android.intent.action.MAIN cat=[android.intent.category.LAUNCHER] cmp=com.example.dogglers/.VerticalListActivity }, activity.getIntent()=Intent { act=android.intent.action.MAIN cat=[android.intent.category.LAUNCHER] flg=0x10008000 cmp=com.example.dogglers/androidx.test.core.app.InstrumentationActivityInvoker$BootstrapActivity (has extras) }, activity=androidx.test.core.app.InstrumentationActivityInvoker$BootstrapActivity@7f58624
07-02 16:26:26.464 22931 22931 D LifecycleMonitor: Lifecycle status change: androidx.test.core.app.InstrumentationActivityInvoker$BootstrapActivity@7f58624 in: STARTED
07-02 16:26:26.465 22931 22931 V ActivityScenario: Activity lifecycle changed event received but ignored because the intent does not match. startActivityIntent=Intent { act=android.intent.action.MAIN cat=[android.intent.category.LAUNCHER] cmp=com.example.dogglers/.VerticalListActivity }, activity.getIntent()=Intent { act=android.intent.action.MAIN cat=[android.intent.category.LAUNCHER] flg=0x10008000 cmp=com.example.dogglers/androidx.test.core.app.InstrumentationActivityInvoker$BootstrapActivity (has extras) }, activity=androidx.test.core.app.InstrumentationActivityInvoker$BootstrapActivity@7f58624
07-02 16:26:26.468 22931 22931 D LifecycleMonitor: Lifecycle status change: androidx.test.core.app.InstrumentationActivityInvoker$BootstrapActivity@7f58624 in: RESUMED
07-02 16:26:26.468 22931 22931 V ActivityScenario: Activity lifecycle changed event received but ignored because the intent does not match. startActivityIntent=Intent { act=android.intent.action.MAIN cat=[android.intent.category.LAUNCHER] cmp=com.example.dogglers/.VerticalListActivity }, activity.getIntent()=Intent { act=android.intent.action.MAIN cat=[android.intent.category.LAUNCHER] flg=0x10008000 cmp=com.example.dogglers/androidx.test.core.app.InstrumentationActivityInvoker$BootstrapActivity (has extras) }, activity=androidx.test.core.app.InstrumentationActivityInvoker$BootstrapActivity@7f58624
07-02 16:26:26.470 22931 22931 D LifecycleMonitor: Lifecycle status change: androidx.test.core.app.InstrumentationActivityInvoker$BootstrapActivity@7f58624 in: PAUSED
07-02 16:26:26.471 22931 22931 V ActivityScenario: Activity lifecycle changed event received but ignored because the intent does not match. startActivityIntent=Intent { act=android.intent.action.MAIN cat=[android.intent.category.LAUNCHER] cmp=com.example.dogglers/.VerticalListActivity }, activity.getIntent()=Intent { act=android.intent.action.MAIN cat=[android.intent.category.LAUNCHER] flg=0x10008000 cmp=com.example.dogglers/androidx.test.core.app.InstrumentationActivityInvoker$BootstrapActivity (has extras) }, activity=androidx.test.core.app.InstrumentationActivityInvoker$BootstrapActivity@7f58624
07-02 16:26:26.479 22931 22931 D LifecycleMonitor: Lifecycle status change: com.example.dogglers.VerticalListActivity@374d18e in: PRE_ON_CREATE
07-02 16:26:26.479 22931 22931 V ActivityScenario: Activity lifecycle changed event received but ignored because the reported transition was not ON_CREATE while the last known transition was PRE_ON_CREATE
07-02 16:26:26.504 22931 22931 D LifecycleMonitor: Lifecycle status change: com.example.dogglers.VerticalListActivity@374d18e in: CREATED
07-02 16:26:26.504 22931 22931 V ActivityScenario: Update currentActivityStage to CREATED, currentActivity=com.example.dogglers.VerticalListActivity@374d18e
07-02 16:26:26.507 22931 22931 D LifecycleMonitor: Lifecycle status change: com.example.dogglers.VerticalListActivity@374d18e in: STARTED
07-02 16:26:26.507 22931 22931 V ActivityScenario: Update currentActivityStage to STARTED, currentActivity=com.example.dogglers.VerticalListActivity@374d18e
07-02 16:26:26.509 22931 22931 D LifecycleMonitor: Lifecycle status change: com.example.dogglers.VerticalListActivity@374d18e in: RESUMED
07-02 16:26:26.510 22931 22931 V ActivityScenario: Update currentActivityStage to RESUMED, currentActivity=com.example.dogglers.VerticalListActivity@374d18e
07-02 16:26:26.538   336   401 D goldfish-address-space: claimShared: Ask to claim region [0x1f09a4000 0x1f1348000]
07-02 16:26:26.541   336   401 D goldfish-address-space: claimShared: Ask to claim region [0x1f4000000 0x1f49a4000]
07-02 16:26:26.542   336   467 D goldfish-address-space: claimShared: Ask to claim region [0x1f5348000 0x1f5cec000]
07-02 16:26:26.545  3327  3327 I GsaVoiceInteractionSrv: Handling ACTION_STOP_HOTWORD
07-02 16:26:26.545  3327  3327 E HwDetectorWithState: a: 3
07-02 16:26:26.704   530   572 I ActivityTaskManager: Displayed com.example.dogglers/.VerticalListActivity: +264ms
07-02 16:26:26.715 22931 22931 D RootViewPicker: Root not ready - waiting: 10ms for one to appear.
07-02 16:26:26.728  1374  1374 I GoogleInputMethodService: GoogleInputMethodService.onFinishInput():3420
07-02 16:26:26.728  1374  1374 I GoogleInputMethodService: GoogleInputMethodService.onStartInput():2002
07-02 16:26:26.729  1374  1374 I DeviceUnlockedTag: DeviceUnlockedTag.notifyDeviceLockStatusChanged():31 Notify device unlocked.
07-02 16:26:26.759 22931 22931 D LifecycleMonitor: Lifecycle status change: androidx.test.core.app.InstrumentationActivityInvoker$BootstrapActivity@7f58624 in: STOPPED
07-02 16:26:26.759 22931 22931 V ActivityScenario: Activity lifecycle changed event received but ignored because the intent does not match. startActivityIntent=Intent { act=android.intent.action.MAIN cat=[android.intent.category.LAUNCHER] cmp=com.example.dogglers/.VerticalListActivity }, activity.getIntent()=Intent { act=android.intent.action.MAIN cat=[android.intent.category.LAUNCHER] flg=0x10008000 cmp=com.example.dogglers/androidx.test.core.app.InstrumentationActivityInvoker$BootstrapActivity (has extras) }, activity=androidx.test.core.app.InstrumentationActivityInvoker$BootstrapActivity@7f58624
07-02 16:26:26.764 22931 22931 I ViewInteraction: Performing 'fast swipe' action on view view.getId() is <2131231206/com.example.dogglers:id/vertical_recycler_view>
07-02 16:26:26.775  3243  3243 I A       : onApplyWindowInsets: systemWindowInsets=Insets{left=0, top=66, right=0, bottom=132}
07-02 16:26:26.775  3243  3243 I A       : onApplyWindowInsets: systemWindowInsets=Insets{left=0, top=66, right=0, bottom=132}
07-02 16:26:26.957   795   877 D EGL_emulation: app_time_stats: avg=37.61ms min=14.22ms max=384.42ms count=27
07-02 16:26:26.989   530  3215 W InputManager-JNI: Input channel object 'be60a1f Splash Screen com.example.dogglers (client)' was disposed without first being removed with the input manager!
07-02 16:26:27.076 22931 22931 D CompatibilityChangeReporter: Compat change id reported: 171228096; UID 10149; state: ENABLED
07-02 16:26:27.144 22931 22931 I ViewInteraction: Checking 'MatchesViewAssertion{viewMatcher=(view has effective visibility <VISIBLE> and view.getGlobalVisibleRect() to return non-empty rectangle)}' assertion on view an instance of android.widget.TextView and view.getText() with or without transformation to match: is "Faye"
07-02 16:26:27.727 22931 22964 D EGL_emulation: app_time_stats: avg=4.26ms min=1.46ms max=32.51ms count=51
07-02 16:26:27.779 22931 22931 D LifecycleMonitor: Lifecycle status change: com.example.dogglers.VerticalListActivity@374d18e in: PAUSED
07-02 16:26:27.780 22931 22931 V ActivityScenario: Update currentActivityStage to PAUSED, currentActivity=com.example.dogglers.VerticalListActivity@374d18e
07-02 16:26:27.785 22931 22931 D LifecycleMonitor: Lifecycle status change: androidx.test.core.app.InstrumentationActivityInvoker$EmptyActivity@62d11ed in: PRE_ON_CREATE
07-02 16:26:27.786 22931 22931 V ActivityScenario: Activity lifecycle changed event received but ignored because the intent does not match. startActivityIntent=Intent { act=android.intent.action.MAIN cat=[android.intent.category.LAUNCHER] cmp=com.example.dogglers/.VerticalListActivity }, activity.getIntent()=Intent { act=android.intent.action.MAIN cat=[android.intent.category.LAUNCHER] flg=0x10000000 cmp=com.example.dogglers/androidx.test.core.app.InstrumentationActivityInvoker$EmptyActivity }, activity=androidx.test.core.app.InstrumentationActivityInvoker$EmptyActivity@62d11ed
07-02 16:26:27.795 22931 22931 D LifecycleMonitor: Lifecycle status change: androidx.test.core.app.InstrumentationActivityInvoker$EmptyActivity@62d11ed in: CREATED
07-02 16:26:27.796 22931 22931 V ActivityScenario: Activity lifecycle changed event received but ignored because the intent does not match. startActivityIntent=Intent { act=android.intent.action.MAIN cat=[android.intent.category.LAUNCHER] cmp=com.example.dogglers/.VerticalListActivity }, activity.getIntent()=Intent { act=android.intent.action.MAIN cat=[android.intent.category.LAUNCHER] flg=0x10000000 cmp=com.example.dogglers/androidx.test.core.app.InstrumentationActivityInvoker$EmptyActivity }, activity=androidx.test.core.app.InstrumentationActivityInvoker$EmptyActivity@62d11ed
07-02 16:26:27.797 22931 22931 D LifecycleMonitor: Lifecycle status change: androidx.test.core.app.InstrumentationActivityInvoker$EmptyActivity@62d11ed in: STARTED
07-02 16:26:27.798 22931 22931 V ActivityScenario: Activity lifecycle changed event received but ignored because the intent does not match. startActivityIntent=Intent { act=android.intent.action.MAIN cat=[android.intent.category.LAUNCHER] cmp=com.example.dogglers/.VerticalListActivity }, activity.getIntent()=Intent { act=android.intent.action.MAIN cat=[android.intent.category.LAUNCHER] flg=0x10000000 cmp=com.example.dogglers/androidx.test.core.app.InstrumentationActivityInvoker$EmptyActivity }, activity=androidx.test.core.app.InstrumentationActivityInvoker$EmptyActivity@62d11ed
07-02 16:26:27.799 22931 22931 D LifecycleMonitor: Lifecycle status change: androidx.test.core.app.InstrumentationActivityInvoker$EmptyActivity@62d11ed in: RESUMED
07-02 16:26:27.800 22931 22931 V ActivityScenario: Activity lifecycle changed event received but ignored because the intent does not match. startActivityIntent=Intent { act=android.intent.action.MAIN cat=[android.intent.category.LAUNCHER] cmp=com.example.dogglers/.VerticalListActivity }, activity.getIntent()=Intent { act=android.intent.action.MAIN cat=[android.intent.category.LAUNCHER] flg=0x10000000 cmp=com.example.dogglers/androidx.test.core.app.InstrumentationActivityInvoker$EmptyActivity }, activity=androidx.test.core.app.InstrumentationActivityInvoker$EmptyActivity@62d11ed
07-02 16:26:27.817   336   467 D goldfish-address-space: claimShared: Ask to claim region [0x1ec000000 0x1ec9a4000]
07-02 16:26:27.818   336   467 D goldfish-address-space: claimShared: Ask to claim region [0x1ecfd0000 0x1ed974000]
07-02 16:26:27.819   336   467 D goldfish-address-space: claimShared: Ask to claim region [0x1ed974000 0x1ee318000]
07-02 16:26:27.827   530   572 I ActivityTaskManager: Displayed com.example.dogglers/androidx.test.core.app.InstrumentationActivityInvoker$EmptyActivity: +51ms
07-02 16:26:27.835 22931 22931 D LifecycleMonitor: Lifecycle status change: com.example.dogglers.VerticalListActivity@374d18e in: STOPPED
07-02 16:26:27.836 22931 22931 V ActivityScenario: Update currentActivityStage to STOPPED, currentActivity=com.example.dogglers.VerticalListActivity@374d18e
07-02 16:26:27.845 22931 22931 D LifecycleMonitor: Lifecycle status change: com.example.dogglers.VerticalListActivity@374d18e in: DESTROYED
07-02 16:26:27.845 22931 22931 V ActivityScenario: Update currentActivityStage to DESTROYED, currentActivity=null
07-02 16:26:27.851   530   569 W InputManager-JNI: Input channel object 'b58025d com.example.dogglers/com.example.dogglers.VerticalListActivity (client)' was disposed without first being removed with the input manager!
07-02 16:26:27.857 22931 22931 D LifecycleMonitor: Lifecycle status change: androidx.test.core.app.InstrumentationActivityInvoker$EmptyActivity@62d11ed in: PAUSED
07-02 16:26:27.858 22931 22931 V ActivityScenario: Activity lifecycle changed event received but ignored because the intent does not match. startActivityIntent=Intent { act=android.intent.action.MAIN cat=[android.intent.category.LAUNCHER] cmp=com.example.dogglers/.VerticalListActivity }, activity.getIntent()=Intent { act=android.intent.action.MAIN cat=[android.intent.category.LAUNCHER] flg=0x10000000 cmp=com.example.dogglers/androidx.test.core.app.InstrumentationActivityInvoker$EmptyActivity }, activity=androidx.test.core.app.InstrumentationActivityInvoker$EmptyActivity@62d11ed
07-02 16:26:27.862 22931 22931 D LifecycleMonitor: Lifecycle status change: androidx.test.core.app.InstrumentationActivityInvoker$BootstrapActivity@7f58624 in: DESTROYED
07-02 16:26:27.863 22931 22931 V ActivityScenario: Activity lifecycle changed event received but ignored because the intent does not match. startActivityIntent=Intent { act=android.intent.action.MAIN cat=[android.intent.category.LAUNCHER] cmp=com.example.dogglers/.VerticalListActivity }, activity.getIntent()=Intent { act=android.intent.action.MAIN cat=[android.intent.category.LAUNCHER] flg=0x10008000 cmp=com.example.dogglers/androidx.test.core.app.InstrumentationActivityInvoker$BootstrapActivity (has extras) }, activity=androidx.test.core.app.InstrumentationActivityInvoker$BootstrapActivity@7f58624
07-02 16:26:27.866 22931 22931 D LifecycleMonitor: Lifecycle status change: androidx.test.core.app.InstrumentationActivityInvoker$EmptyActivity@47a152b in: PRE_ON_CREATE
07-02 16:26:27.866 22931 22931 V ActivityScenario: Activity lifecycle changed event received but ignored because the intent does not match. startActivityIntent=Intent { act=android.intent.action.MAIN cat=[android.intent.category.LAUNCHER] cmp=com.example.dogglers/.VerticalListActivity }, activity.getIntent()=Intent { act=android.intent.action.MAIN cat=[android.intent.category.LAUNCHER] flg=0x10000000 cmp=com.example.dogglers/androidx.test.core.app.InstrumentationActivityInvoker$EmptyActivity }, activity=androidx.test.core.app.InstrumentationActivityInvoker$EmptyActivity@47a152b
07-02 16:26:27.874 22931 22931 D LifecycleMonitor: Lifecycle status change: androidx.test.core.app.InstrumentationActivityInvoker$EmptyActivity@47a152b in: CREATED
07-02 16:26:27.874 22931 22931 V ActivityScenario: Activity lifecycle changed event received but ignored because the intent does not match. startActivityIntent=Intent { act=android.intent.action.MAIN cat=[android.intent.category.LAUNCHER] cmp=com.example.dogglers/.VerticalListActivity }, activity.getIntent()=Intent { act=android.intent.action.MAIN cat=[android.intent.category.LAUNCHER] flg=0x10000000 cmp=com.example.dogglers/androidx.test.core.app.InstrumentationActivityInvoker$EmptyActivity }, activity=androidx.test.core.app.InstrumentationActivityInvoker$EmptyActivity@47a152b
07-02 16:26:27.875 22931 22931 D LifecycleMonitor: Lifecycle status change: androidx.test.core.app.InstrumentationActivityInvoker$EmptyActivity@47a152b in: STARTED
07-02 16:26:27.876 22931 22931 V ActivityScenario: Activity lifecycle changed event received but ignored because the intent does not match. startActivityIntent=Intent { act=android.intent.action.MAIN cat=[android.intent.category.LAUNCHER] cmp=com.example.dogglers/.VerticalListActivity }, activity.getIntent()=Intent { act=android.intent.action.MAIN cat=[android.intent.category.LAUNCHER] flg=0x10000000 cmp=com.example.dogglers/androidx.test.core.app.InstrumentationActivityInvoker$EmptyActivity }, activity=androidx.test.core.app.InstrumentationActivityInvoker$EmptyActivity@47a152b
07-02 16:26:27.877 22931 22931 D LifecycleMonitor: Lifecycle status change: androidx.test.core.app.InstrumentationActivityInvoker$EmptyActivity@47a152b in: RESUMED
07-02 16:26:27.878 22931 22931 V ActivityScenario: Activity lifecycle changed event received but ignored because the intent does not match. startActivityIntent=Intent { act=android.intent.action.MAIN cat=[android.intent.category.LAUNCHER] cmp=com.example.dogglers/.VerticalListActivity }, activity.getIntent()=Intent { act=android.intent.action.MAIN cat=[android.intent.category.LAUNCHER] flg=0x10000000 cmp=com.example.dogglers/androidx.test.core.app.InstrumentationActivityInvoker$EmptyActivity }, activity=androidx.test.core.app.InstrumentationActivityInvoker$EmptyActivity@47a152b
07-02 16:26:27.896   336   467 D goldfish-address-space: claimShared: Ask to claim region [0x1ee318000 0x1eecbc000]
07-02 16:26:27.898   336   467 D goldfish-address-space: claimShared: Ask to claim region [0x1eecbc000 0x1ef660000]
07-02 16:26:27.898   336   467 D goldfish-address-space: claimShared: Ask to claim region [0x1f21c4000 0x1f2b68000]
07-02 16:26:27.907   530   572 I ActivityTaskManager: Displayed com.example.dogglers/androidx.test.core.app.InstrumentationActivityInvoker$EmptyActivity: +74ms
07-02 16:26:27.911 22931 22931 D LifecycleMonitor: Lifecycle status change: androidx.test.core.app.InstrumentationActivityInvoker$EmptyActivity@62d11ed in: STOPPED
07-02 16:26:27.912 22931 22931 V ActivityScenario: Activity lifecycle changed event received but ignored because the intent does not match. startActivityIntent=Intent { act=android.intent.action.MAIN cat=[android.intent.category.LAUNCHER] cmp=com.example.dogglers/.VerticalListActivity }, activity.getIntent()=Intent { act=android.intent.action.MAIN cat=[android.intent.category.LAUNCHER] flg=0x10000000 cmp=com.example.dogglers/androidx.test.core.app.InstrumentationActivityInvoker$EmptyActivity }, activity=androidx.test.core.app.InstrumentationActivityInvoker$EmptyActivity@62d11ed
07-02 16:26:27.915   336   467 D goldfish-address-space: claimShared: Ask to claim region [0x1ef660000 0x1efc8c000]
07-02 16:26:27.926 22931 22931 D LifecycleMonitor: Lifecycle status change: androidx.test.core.app.InstrumentationActivityInvoker$EmptyActivity@62d11ed in: DESTROYED
07-02 16:26:27.926 22931 22931 V ActivityScenario: Activity lifecycle changed event received but ignored because the intent does not match. startActivityIntent=Intent { act=android.intent.action.MAIN cat=[android.intent.category.LAUNCHER] cmp=com.example.dogglers/.VerticalListActivity }, activity.getIntent()=Intent { act=android.intent.action.MAIN cat=[android.intent.category.LAUNCHER] flg=0x10000000 cmp=com.example.dogglers/androidx.test.core.app.InstrumentationActivityInvoker$EmptyActivity }, activity=androidx.test.core.app.InstrumentationActivityInvoker$EmptyActivity@62d11ed
07-02 16:26:27.928   530   569 W InputManager-JNI: Input channel object '83cea2c com.example.dogglers/androidx.test.core.app.InstrumentationActivityInvoker$EmptyActivity (client)' was disposed without first being removed with the input manager!
07-02 16:26:27.931 22931 22931 D LifecycleMonitor: Lifecycle status change: androidx.test.core.app.InstrumentationActivityInvoker$EmptyActivity@47a152b in: PAUSED
07-02 16:26:27.931 22931 22931 V ActivityScenario: Activity lifecycle changed event received but ignored because the intent does not match. startActivityIntent=Intent { act=android.intent.action.MAIN cat=[android.intent.category.LAUNCHER] cmp=com.example.dogglers/.VerticalListActivity }, activity.getIntent()=Intent { act=android.intent.action.MAIN cat=[android.intent.category.LAUNCHER] flg=0x10000000 cmp=com.example.dogglers/androidx.test.core.app.InstrumentationActivityInvoker$EmptyActivity }, activity=androidx.test.core.app.InstrumentationActivityInvoker$EmptyActivity@47a152b
07-02 16:26:27.935 22931 22961 I TestRunner: finished: vertical_scrolling(com.example.dogglers.VerticalListTests)
