07-02 16:26:24.990 22931 22961 I TestRunner: started: vertical_scroll_content_at_last_position(com.example.dogglers.VerticalListTests)
07-02 16:26:25.002 22931 22961 W Settings: Setting always_finish_activities has moved from android.provider.Settings.System to android.provider.Settings.Global, returning read-only value.
07-02 16:26:25.009   795   874 D SplashScreenView: Build android.window.SplashScreenView{bc0db11 V.E...... ......ID 0,0-0,0}
07-02 16:26:25.009   795   874 D SplashScreenView: Icon: view: null drawable: null size: 0
07-02 16:26:25.009   795   874 D SplashScreenView: Branding: view: android.view.View{402a476 G.ED..... ......I. 0,0-0,0 #10204a6 android:id/splashscreen_branding_view} drawable: null size w: 0 h: 0
07-02 16:26:25.017 22931 22931 D LifecycleMonitor: Lifecycle status change: androidx.test.core.app.InstrumentationActivityInvoker$BootstrapActivity@b66745a in: PRE_ON_CREATE
07-02 16:26:25.018 22931 22931 V ActivityScenario: Activity lifecycle changed event received but ignored because the intent does not match. startActivityIntent=Intent { act=android.intent.action.MAIN cat=[android.intent.category.LAUNCHER] cmp=com.example.dogglers/.VerticalListActivity }, activity.getIntent()=Intent { act=android.intent.action.MAIN cat=[android.intent.category.LAUNCHER] flg=0x10008000 cmp=com.example.dogglers/androidx.test.core.app.InstrumentationActivityInvoker$BootstrapActivity (has extras) }, activity=androidx.test.core.app.InstrumentationActivityInvoker$BootstrapActivity@b66745a
07-02 16:26:25.027   336   401 D goldfish-address-space: claimShared: Ask to claim region [0x1ec9a4000 0x1ed348000]
07-02 16:26:25.029   336   401 D goldfish-address-space: claimShared: Ask to claim region [0x1ed348000 0x1edcec000]
07-02 16:26:25.032 22931 22931 D LifecycleMonitor: Lifecycle status change: androidx.test.core.app.InstrumentationActivityInvoker$BootstrapActivity@b66745a in: CREATED
07-02 16:26:25.032   336   401 D goldfish-address-space: claimShared: Ask to claim region [0x1edcec000 0x1ee690000]
07-02 16:26:25.032 22931 22931 V ActivityScenario: Activity lifecycle changed event received but ignored because the intent does not match. startActivityIntent=Intent { act=android.intent.action.MAIN cat=[android.intent.category.LAUNCHER] cmp=com.example.dogglers/.VerticalListActivity }, activity.getIntent()=Intent { act=android.intent.action.MAIN cat=[android.intent.category.LAUNCHER] flg=0x10008000 cmp=com.example.dogglers/androidx.test.core.app.InstrumentationActivityInvoker$BootstrapActivity (has extras) }, activity=androidx.test.core.app.InstrumentationActivityInvoker$BootstrapActivity@b66745a
07-02 16:26:25.034 22931 22931 D LifecycleMonitor: Lifecycle status change: androidx.test.core.app.InstrumentationActivityInvoker$BootstrapActivity@b66745a in: STARTED
07-02 16:26:25.034 22931 22931 V ActivityScenario: Activity lifecycle changed event received but ignored because the intent does not match. startActivityIntent=Intent { act=android.intent.action.MAIN cat=[android.intent.category.LAUNCHER] cmp=com.example.dogglers/.VerticalListActivity }, activity.getIntent()=Intent { act=android.intent.action.MAIN cat=[android.intent.category.LAUNCHER] flg=0x10008000 cmp=com.example.dogglers/androidx.test.core.app.InstrumentationActivityInvoker$BootstrapActivity (has extras) }, activity=androidx.test.core.app.InstrumentationActivityInvoker$BootstrapActivity@b66745a
07-02 16:26:25.041 22931 22931 D LifecycleMonitor: Lifecycle status change: androidx.test.core.app.InstrumentationActivityInvoker$BootstrapActivity@b66745a in: RESUMED
07-02 16:26:25.043 22931 22931 V ActivityScenario: Activity lifecycle changed event received but ignored because the intent does not match. startActivityIntent=Intent { act=android.intent.action.MAIN cat=[android.intent.category.LAUNCHER] cmp=com.example.dogglers/.VerticalListActivity }, activity.getIntent()=Intent { act=android.intent.action.MAIN cat=[android.intent.category.LAUNCHER] flg=0x10008000 cmp=com.example.dogglers/androidx.test.core.app.InstrumentationActivityInvoker$BootstrapActivity (has extras) }, activity=androidx.test.core.app.InstrumentationActivityInvoker$BootstrapActivity@b66745a
07-02 16:26:25.046 22931 22931 D LifecycleMonitor: Lifecycle status change: androidx.test.core.app.InstrumentationActivityInvoker$BootstrapActivity@b66745a in: PAUSED
07-02 16:26:25.047 22931 22931 V ActivityScenario: Activity lifecycle changed event received but ignored because the intent does not match. startActivityIntent=Intent { act=android.intent.action.MAIN cat=[android.intent.category.LAUNCHER] cmp=com.example.dogglers/.VerticalListActivity }, activity.getIntent()=Intent { act=android.intent.action.MAIN cat=[android.intent.category.LAUNCHER] flg=0x10008000 cmp=com.example.dogglers/androidx.test.core.app.InstrumentationActivityInvoker$BootstrapActivity (has extras) }, activity=androidx.test.core.app.InstrumentationActivityInvoker$BootstrapActivity@b66745a
07-02 16:26:25.063  3243  3243 I A       : onApplyWindowInsets: systemWindowInsets=Insets{left=0, top=66, right=0, bottom=132}
07-02 16:26:25.063  3243  3243 I A       : onApplyWindowInsets: systemWindowInsets=Insets{left=0, top=66, right=0, bottom=132}
07-02 16:26:25.066 22931 22931 D LifecycleMonitor: Lifecycle status change: com.example.dogglers.VerticalListActivity@5a8de14 in: PRE_ON_CREATE
07-02 16:26:25.067 22931 22931 V ActivityScenario: Activity lifecycle changed event received but ignored because the reported transition was not ON_CREATE while the last known transition was PRE_ON_CREATE
07-02 16:26:25.080  3327  3327 I GsaVoiceInteractionSrv: Handling ACTION_STOP_HOTWORD
07-02 16:26:25.080  3327  3327 E HwDetectorWithState: a: 3
07-02 16:26:25.100 22931 22931 D LifecycleMonitor: Lifecycle status change: com.example.dogglers.VerticalListActivity@5a8de14 in: CREATED
07-02 16:26:25.101 22931 22931 V ActivityScenario: Update currentActivityStage to CREATED, currentActivity=com.example.dogglers.VerticalListActivity@5a8de14
07-02 16:26:25.103 22931 22931 D LifecycleMonitor: Lifecycle status change: com.example.dogglers.VerticalListActivity@5a8de14 in: STARTED
07-02 16:26:25.104 22931 22931 V ActivityScenario: Update currentActivityStage to STARTED, currentActivity=com.example.dogglers.VerticalListActivity@5a8de14
07-02 16:26:25.105 22931 22931 D LifecycleMonitor: Lifecycle status change: com.example.dogglers.VerticalListActivity@5a8de14 in: RESUMED
07-02 16:26:25.106 22931 22931 V ActivityScenario: Update currentActivityStage to RESUMED, currentActivity=com.example.dogglers.VerticalListActivity@5a8de14
07-02 16:26:25.143   336   401 D goldfish-address-space: claimShared: Ask to claim region [0x1ec000000 0x1ec9a4000]
07-02 16:26:25.144   336   401 D goldfish-address-space: claimShared: Ask to claim region [0x1ee690000 0x1ef034000]
07-02 16:26:25.145   336   401 D goldfish-address-space: claimShared: Ask to claim region [0x1ef034000 0x1ef9d8000]
07-02 16:26:25.422  1374  1374 I GoogleInputMethodService: GoogleInputMethodService.onFinishInput():3420
07-02 16:26:25.423  1374  1374 I GoogleInputMethodService: GoogleInputMethodService.onStartInput():2002
07-02 16:26:25.426  1374  1374 I DeviceUnlockedTag: DeviceUnlockedTag.notifyDeviceLockStatusChanged():31 Notify device unlocked.
07-02 16:26:25.443 22931 22931 I ViewInteraction: Performing 'scroll RecyclerView to position: 5' action on view view.getId() is <2131231206/com.example.dogglers:id/vertical_recycler_view>
07-02 16:26:25.665 22931 22931 D LifecycleMonitor: Lifecycle status change: androidx.test.core.app.InstrumentationActivityInvoker$BootstrapActivity@b66745a in: STOPPED
07-02 16:26:25.666 22931 22931 V ActivityScenario: Activity lifecycle changed event received but ignored because the intent does not match. startActivityIntent=Intent { act=android.intent.action.MAIN cat=[android.intent.category.LAUNCHER] cmp=com.example.dogglers/.VerticalListActivity }, activity.getIntent()=Intent { act=android.intent.action.MAIN cat=[android.intent.category.LAUNCHER] flg=0x10008000 cmp=com.example.dogglers/androidx.test.core.app.InstrumentationActivityInvoker$BootstrapActivity (has extras) }, activity=androidx.test.core.app.InstrumentationActivityInvoker$BootstrapActivity@b66745a
07-02 16:26:25.673 22931 22931 I ViewInteraction: Checking 'MatchesViewAssertion{viewMatcher=(view has effective visibility <VISIBLE> and view.getGlobalVisibleRect() to return non-empty rectangle)}' assertion on view an instance of android.widget.TextView and view.getText() with or without transformation to match: is "Bella"
07-02 16:26:25.675   530  3215 W InputManager-JNI: Input channel object '33bb8e Splash Screen com.example.dogglers (client)' was disposed without first being removed with the input manager!
07-02 16:26:25.681 22931 22931 D LifecycleMonitor: Lifecycle status change: com.example.dogglers.VerticalListActivity@5a8de14 in: PAUSED
07-02 16:26:25.682 22931 22931 V ActivityScenario: Update currentActivityStage to PAUSED, currentActivity=com.example.dogglers.VerticalListActivity@5a8de14
07-02 16:26:25.689 22931 22931 D LifecycleMonitor: Lifecycle status change: androidx.test.core.app.InstrumentationActivityInvoker$EmptyActivity@64c81e1 in: PRE_ON_CREATE
07-02 16:26:25.689 22931 22931 V ActivityScenario: Activity lifecycle changed event received but ignored because the intent does not match. startActivityIntent=Intent { act=android.intent.action.MAIN cat=[android.intent.category.LAUNCHER] cmp=com.example.dogglers/.VerticalListActivity }, activity.getIntent()=Intent { act=android.intent.action.MAIN cat=[android.intent.category.LAUNCHER] flg=0x10000000 cmp=com.example.dogglers/androidx.test.core.app.InstrumentationActivityInvoker$EmptyActivity }, activity=androidx.test.core.app.InstrumentationActivityInvoker$EmptyActivity@64c81e1
07-02 16:26:25.698 22931 22931 D LifecycleMonitor: Lifecycle status change: androidx.test.core.app.InstrumentationActivityInvoker$EmptyActivity@64c81e1 in: CREATED
07-02 16:26:25.698 22931 22931 V ActivityScenario: Activity lifecycle changed event received but ignored because the intent does not match. startActivityIntent=Intent { act=android.intent.action.MAIN cat=[android.intent.category.LAUNCHER] cmp=com.example.dogglers/.VerticalListActivity }, activity.getIntent()=Intent { act=android.intent.action.MAIN cat=[android.intent.category.LAUNCHER] flg=0x10000000 cmp=com.example.dogglers/androidx.test.core.app.InstrumentationActivityInvoker$EmptyActivity }, activity=androidx.test.core.app.InstrumentationActivityInvoker$EmptyActivity@64c81e1
07-02 16:26:25.700 22931 22931 D LifecycleMonitor: Lifecycle status change: androidx.test.core.app.InstrumentationActivityInvoker$EmptyActivity@64c81e1 in: STARTED
07-02 16:26:25.700 22931 22931 V ActivityScenario: Activity lifecycle changed event received but ignored because the intent does not match. startActivityIntent=Intent { act=android.intent.action.MAIN cat=[android.intent.category.LAUNCHER] cmp=com.example.dogglers/.VerticalListActivity }, activity.getIntent()=Intent { act=android.intent.action.MAIN cat=[android.intent.category.LAUNCHER] flg=0x10000000 cmp=com.example.dogglers/androidx.test.core.app.InstrumentationActivityInvoker$EmptyActivity }, activity=androidx.test.core.app.InstrumentationActivityInvoker$EmptyActivity@64c81e1
07-02 16:26:25.702 22931 22931 D LifecycleMonitor: Lifecycle status change: androidx.test.core.app.InstrumentationActivityInvoker$EmptyActivity@64c81e1 in: RESUMED
07-02 16:26:25.703 22931 22931 V ActivityScenario: Activity lifecycle changed event received but ignored because the intent does not match. startActivityIntent=Intent { act=android.intent.action.MAIN cat=[android.intent.category.LAUNCHER] cmp=com.example.dogglers/.VerticalListActivity }, activity.getIntent()=Intent { act=android.intent.action.MAIN cat=[android.intent.category.LAUNCHER] flg=0x10000000 cmp=com.example.dogglers/androidx.test.core.app.InstrumentationActivityInvoker$EmptyActivity }, activity=androidx.test.core.app.InstrumentationActivityInvoker$EmptyActivity@64c81e1
07-02 16:26:25.724   336   401 D goldfish-address-space: claimShared: Ask to claim region [0x1f0000000 0x1f09a4000]
07-02 16:26:25.725   336   401 D goldfish-address-space: claimShared: Ask to claim region [0x1f21c4000 0x1f2b68000]
07-02 16:26:25.726   336   401 D goldfish-address-space: claimShared: Ask to claim region [0x1f1348000 0x1f1cec000]
07-02 16:26:25.734   530   572 I ActivityTaskManager: Displayed com.example.dogglers/androidx.test.core.app.InstrumentationActivityInvoker$EmptyActivity: +727ms
07-02 16:26:25.748 22931 22931 D LifecycleMonitor: Lifecycle status change: com.example.dogglers.VerticalListActivity@5a8de14 in: STOPPED
07-02 16:26:25.748 22931 22931 V ActivityScenario: Update currentActivityStage to STOPPED, currentActivity=com.example.dogglers.VerticalListActivity@5a8de14
07-02 16:26:25.755  1374  1374 I GoogleInputMethodService: GoogleInputMethodService.onFinishInput():3420
07-02 16:26:25.755  1374  1374 I GoogleInputMethodService: GoogleInputMethodService.onStartInput():2002
07-02 16:26:25.756  1374  1374 I DeviceUnlockedTag: DeviceUnlockedTag.notifyDeviceLockStatusChanged():31 Notify device unlocked.
07-02 16:26:25.764 22931 22931 D LifecycleMonitor: Lifecycle status change: com.example.dogglers.VerticalListActivity@5a8de14 in: DESTROYED
07-02 16:26:25.764 22931 22931 V ActivityScenario: Update currentActivityStage to DESTROYED, currentActivity=null
07-02 16:26:25.773   530   569 W InputManager-JNI: Input channel object '7ff518f com.example.dogglers/com.example.dogglers.VerticalListActivity (client)' was disposed without first being removed with the input manager!
07-02 16:26:25.778 22931 22931 D LifecycleMonitor: Lifecycle status change: androidx.test.core.app.InstrumentationActivityInvoker$EmptyActivity@64c81e1 in: PAUSED
07-02 16:26:25.779 22931 22931 V ActivityScenario: Activity lifecycle changed event received but ignored because the intent does not match. startActivityIntent=Intent { act=android.intent.action.MAIN cat=[android.intent.category.LAUNCHER] cmp=com.example.dogglers/.VerticalListActivity }, activity.getIntent()=Intent { act=android.intent.action.MAIN cat=[android.intent.category.LAUNCHER] flg=0x10000000 cmp=com.example.dogglers/androidx.test.core.app.InstrumentationActivityInvoker$EmptyActivity }, activity=androidx.test.core.app.InstrumentationActivityInvoker$EmptyActivity@64c81e1
07-02 16:26:25.786 22931 22931 D LifecycleMonitor: Lifecycle status change: androidx.test.core.app.InstrumentationActivityInvoker$BootstrapActivity@b66745a in: DESTROYED
07-02 16:26:25.791 22931 22931 V ActivityScenario: Activity lifecycle changed event received but ignored because the intent does not match. startActivityIntent=Intent { act=android.intent.action.MAIN cat=[android.intent.category.LAUNCHER] cmp=com.example.dogglers/.VerticalListActivity }, activity.getIntent()=Intent { act=android.intent.action.MAIN cat=[android.intent.category.LAUNCHER] flg=0x10008000 cmp=com.example.dogglers/androidx.test.core.app.InstrumentationActivityInvoker$BootstrapActivity (has extras) }, activity=androidx.test.core.app.InstrumentationActivityInvoker$BootstrapActivity@b66745a
07-02 16:26:25.796 22931 22931 D LifecycleMonitor: Lifecycle status change: androidx.test.core.app.InstrumentationActivityInvoker$EmptyActivity@e20918c in: PRE_ON_CREATE
07-02 16:26:25.797 22931 22931 V ActivityScenario: Activity lifecycle changed event received but ignored because the intent does not match. startActivityIntent=Intent { act=android.intent.action.MAIN cat=[android.intent.category.LAUNCHER] cmp=com.example.dogglers/.VerticalListActivity }, activity.getIntent()=Intent { act=android.intent.action.MAIN cat=[android.intent.category.LAUNCHER] flg=0x10000000 cmp=com.example.dogglers/androidx.test.core.app.InstrumentationActivityInvoker$EmptyActivity }, activity=androidx.test.core.app.InstrumentationActivityInvoker$EmptyActivity@e20918c
07-02 16:26:25.808 22931 22931 D LifecycleMonitor: Lifecycle status change: androidx.test.core.app.InstrumentationActivityInvoker$EmptyActivity@e20918c in: CREATED
07-02 16:26:25.809 22931 22931 V ActivityScenario: Activity lifecycle changed event received but ignored because the intent does not match. startActivityIntent=Intent { act=android.intent.action.MAIN cat=[android.intent.category.LAUNCHER] cmp=com.example.dogglers/.VerticalListActivity }, activity.getIntent()=Intent { act=android.intent.action.MAIN cat=[android.intent.category.LAUNCHER] flg=0x10000000 cmp=com.example.dogglers/androidx.test.core.app.InstrumentationActivityInvoker$EmptyActivity }, activity=androidx.test.core.app.InstrumentationActivityInvoker$EmptyActivity@e20918c
07-02 16:26:25.810 22931 22931 D LifecycleMonitor: Lifecycle status change: androidx.test.core.app.InstrumentationActivityInvoker$EmptyActivity@e20918c in: STARTED
07-02 16:26:25.810 22931 22931 V ActivityScenario: Activity lifecycle changed event received but ignored because the intent does not match. startActivityIntent=Intent { act=android.intent.action.MAIN cat=[android.intent.category.LAUNCHER] cmp=com.example.dogglers/.VerticalListActivity }, activity.getIntent()=Intent { act=android.intent.action.MAIN cat=[android.intent.category.LAUNCHER] flg=0x10000000 cmp=com.example.dogglers/androidx.test.core.app.InstrumentationActivityInvoker$EmptyActivity }, activity=androidx.test.core.app.InstrumentationActivityInvoker$EmptyActivity@e20918c
07-02 16:26:25.812 22931 22931 D LifecycleMonitor: Lifecycle status change: androidx.test.core.app.InstrumentationActivityInvoker$EmptyActivity@e20918c in: RESUMED
07-02 16:26:25.813 22931 22931 V ActivityScenario: Activity lifecycle changed event received but ignored because the intent does not match. startActivityIntent=Intent { act=android.intent.action.MAIN cat=[android.intent.category.LAUNCHER] cmp=com.example.dogglers/.VerticalListActivity }, activity.getIntent()=Intent { act=android.intent.action.MAIN cat=[android.intent.category.LAUNCHER] flg=0x10000000 cmp=com.example.dogglers/androidx.test.core.app.InstrumentationActivityInvoker$EmptyActivity }, activity=androidx.test.core.app.InstrumentationActivityInvoker$EmptyActivity@e20918c
07-02 16:26:25.834   336   401 D goldfish-address-space: claimShared: Ask to claim region [0x1ee690000 0x1ef034000]
07-02 16:26:25.837   336   401 D goldfish-address-space: claimShared: Ask to claim region [0x1ef034000 0x1ef9d8000]
07-02 16:26:25.839   336   401 D goldfish-address-space: claimShared: Ask to claim region [0x1ec000000 0x1ec9a4000]
07-02 16:26:25.851   530   572 I ActivityTaskManager: Displayed com.example.dogglers/androidx.test.core.app.InstrumentationActivityInvoker$EmptyActivity: +103ms
07-02 16:26:25.860  1374  1374 I GoogleInputMethodService: GoogleInputMethodService.onFinishInput():3420
07-02 16:26:25.861  1374  1374 I GoogleInputMethodService: GoogleInputMethodService.onStartInput():2002
07-02 16:26:25.861  1374  1374 I DeviceUnlockedTag: DeviceUnlockedTag.notifyDeviceLockStatusChanged():31 Notify device unlocked.
07-02 16:26:25.863 22931 22931 D LifecycleMonitor: Lifecycle status change: androidx.test.core.app.InstrumentationActivityInvoker$EmptyActivity@64c81e1 in: STOPPED
07-02 16:26:25.864 22931 22931 V ActivityScenario: Activity lifecycle changed event received but ignored because the intent does not match. startActivityIntent=Intent { act=android.intent.action.MAIN cat=[android.intent.category.LAUNCHER] cmp=com.example.dogglers/.VerticalListActivity }, activity.getIntent()=Intent { act=android.intent.action.MAIN cat=[android.intent.category.LAUNCHER] flg=0x10000000 cmp=com.example.dogglers/androidx.test.core.app.InstrumentationActivityInvoker$EmptyActivity }, activity=androidx.test.core.app.InstrumentationActivityInvoker$EmptyActivity@64c81e1
07-02 16:26:25.879   336   401 D goldfish-address-space: claimShared: Ask to claim region [0x1ec9a4000 0x1ecfd0000]
07-02 16:26:25.891 22931 22931 D LifecycleMonitor: Lifecycle status change: androidx.test.core.app.InstrumentationActivityInvoker$EmptyActivity@64c81e1 in: DESTROYED
07-02 16:26:25.892 22931 22931 V ActivityScenario: Activity lifecycle changed event received but ignored because the intent does not match. startActivityIntent=Intent { act=android.intent.action.MAIN cat=[android.intent.category.LAUNCHER] cmp=com.example.dogglers/.VerticalListActivity }, activity.getIntent()=Intent { act=android.intent.action.MAIN cat=[android.intent.category.LAUNCHER] flg=0x10000000 cmp=com.example.dogglers/androidx.test.core.app.InstrumentationActivityInvoker$EmptyActivity }, activity=androidx.test.core.app.InstrumentationActivityInvoker$EmptyActivity@64c81e1
07-02 16:26:25.894   530  3215 W InputManager-JNI: Input channel object 'dcd387c com.example.dogglers/androidx.test.core.app.InstrumentationActivityInvoker$EmptyActivity (client)' was disposed without first being removed with the input manager!
07-02 16:26:25.898 22931 22931 D LifecycleMonitor: Lifecycle status change: androidx.test.core.app.InstrumentationActivityInvoker$EmptyActivity@e20918c in: PAUSED
07-02 16:26:25.898 22931 22931 V ActivityScenario: Activity lifecycle changed event received but ignored because the intent does not match. startActivityIntent=Intent { act=android.intent.action.MAIN cat=[android.intent.category.LAUNCHER] cmp=com.example.dogglers/.VerticalListActivity }, activity.getIntent()=Intent { act=android.intent.action.MAIN cat=[android.intent.category.LAUNCHER] flg=0x10000000 cmp=com.example.dogglers/androidx.test.core.app.InstrumentationActivityInvoker$EmptyActivity }, activity=androidx.test.core.app.InstrumentationActivityInvoker$EmptyActivity@e20918c
07-02 16:26:25.902 22931 22961 I TestRunner: finished: vertical_scroll_content_at_last_position(com.example.dogglers.VerticalListTests)
