07-02 16:26:28.496 22931 22961 I TestRunner: started: vertical_scroll_content_at_first_position(com.example.dogglers.VerticalListTests)
07-02 16:26:28.507 22931 22961 W Settings: Setting always_finish_activities has moved from android.provider.Settings.System to android.provider.Settings.Global, returning read-only value.
07-02 16:26:28.513   795   874 D SplashScreenView: Build android.window.SplashScreenView{9a7cb03 V.E...... ......ID 0,0-0,0}
07-02 16:26:28.513   795   874 D SplashScreenView: Icon: view: null drawable: null size: 0
07-02 16:26:28.513   795   874 D SplashScreenView: Branding: view: android.view.View{39e8a80 G.ED..... ......I. 0,0-0,0 #10204a6 android:id/splashscreen_branding_view} drawable: null size w: 0 h: 0
07-02 16:26:28.521   336   467 D goldfish-address-space: claimShared: Ask to claim region [0x1ee318000 0x1eecbc000]
07-02 16:26:28.522   336   467 D goldfish-address-space: claimShared: Ask to claim region [0x1eecbc000 0x1ef660000]
07-02 16:26:28.523 22931 22931 D LifecycleMonitor: Lifecycle status change: androidx.test.core.app.InstrumentationActivityInvoker$BootstrapActivity@469fea3 in: PRE_ON_CREATE
07-02 16:26:28.523 22931 22931 V ActivityScenario: Activity lifecycle changed event received but ignored because the intent does not match. startActivityIntent=Intent { act=android.intent.action.MAIN cat=[android.intent.category.LAUNCHER] cmp=com.example.dogglers/.VerticalListActivity }, activity.getIntent()=Intent { act=android.intent.action.MAIN cat=[android.intent.category.LAUNCHER] flg=0x10008000 cmp=com.example.dogglers/androidx.test.core.app.InstrumentationActivityInvoker$BootstrapActivity (has extras) }, activity=androidx.test.core.app.InstrumentationActivityInvoker$BootstrapActivity@469fea3
07-02 16:26:28.523   336   467 D goldfish-address-space: claimShared: Ask to claim region [0x1f21c4000 0x1f2b68000]
07-02 16:26:28.531 22931 22931 D LifecycleMonitor: Lifecycle status change: androidx.test.core.app.InstrumentationActivityInvoker$BootstrapActivity@469fea3 in: CREATED
07-02 16:26:28.531 22931 22931 V ActivityScenario: Activity lifecycle changed event received but ignored because the intent does not match. startActivityIntent=Intent { act=android.intent.action.MAIN cat=[android.intent.category.LAUNCHER] cmp=com.example.dogglers/.VerticalListActivity }, activity.getIntent()=Intent { act=android.intent.action.MAIN cat=[android.intent.category.LAUNCHER] flg=0x10008000 cmp=com.example.dogglers/androidx.test.core.app.InstrumentationActivityInvoker$BootstrapActivity (has extras) }, activity=androidx.test.core.app.InstrumentationActivityInvoker$BootstrapActivity@469fea3
07-02 16:26:28.533 22931 22931 D LifecycleMonitor: Lifecycle status change: androidx.test.core.app.InstrumentationActivityInvoker$BootstrapActivity@469fea3 in: STARTED
07-02 16:26:28.533 22931 22931 V ActivityScenario: Activity lifecycle changed event received but ignored because the intent does not match. startActivityIntent=Intent { act=android.intent.action.MAIN cat=[android.intent.category.LAUNCHER] cmp=com.example.dogglers/.VerticalListActivity }, activity.getIntent()=Intent { act=android.intent.action.MAIN cat=[android.intent.category.LAUNCHER] flg=0x10008000 cmp=com.example.dogglers/androidx.test.core.app.InstrumentationActivityInvoker$BootstrapActivity (has extras) }, activity=androidx.test.core.app.InstrumentationActivityInvoker$BootstrapActivity@469fea3
07-02 16:26:28.537 22931 22931 D LifecycleMonitor: Lifecycle status change: androidx.test.core.app.InstrumentationActivityInvoker$BootstrapActivity@469fea3 in: RESUMED
07-02 16:26:28.538 22931 22931 V ActivityScenario: Activity lifecycle changed event received but ignored because the intent does not match. startActivityIntent=Intent { act=android.intent.action.MAIN cat=[android.intent.category.LAUNCHER] cmp=com.example.dogglers/.VerticalListActivity }, activity.getIntent()=Intent { act=android.intent.action.MAIN cat=[android.intent.category.LAUNCHER] flg=0x10008000 cmp=com.example.dogglers/androidx.test.core.app.InstrumentationActivityInvoker$BootstrapActivity (has extras) }, activity=androidx.test.core.app.InstrumentationActivityInvoker$BootstrapActivity@469fea3
07-02 16:26:28.540 22931 22931 D LifecycleMonitor: Lifecycle status change: androidx.test.core.app.InstrumentationActivityInvoker$BootstrapActivity@469fea3 in: PAUSED
07-02 16:26:28.540 22931 22931 V ActivityScenario: Activity lifecycle changed event received but ignored because the intent does not match. startActivityIntent=Intent { act=android.intent.action.MAIN cat=[android.intent.category.LAUNCHER] cmp=com.example.dogglers/.VerticalListActivity }, activity.getIntent()=Intent { act=android.intent.action.MAIN cat=[android.intent.category.LAUNCHER] flg=0x10008000 cmp=com.example.dogglers/androidx.test.core.app.InstrumentationActivityInvoker$BootstrapActivity (has extras) }, activity=androidx.test.core.app.InstrumentationActivityInvoker$BootstrapActivity@469fea3
07-02 16:26:28.548 22931 22931 D LifecycleMonitor: Lifecycle status change: com.example.dogglers.VerticalListActivity@fd52e15 in: PRE_ON_CREATE
07-02 16:26:28.548 22931 22931 V ActivityScenario: Activity lifecycle changed event received but ignored because the reported transition was not ON_CREATE while the last known transition was PRE_ON_CREATE
07-02 16:26:28.569 22931 22931 D LifecycleMonitor: Lifecycle status change: com.example.dogglers.VerticalListActivity@fd52e15 in: CREATED
07-02 16:26:28.569 22931 22931 V ActivityScenario: Update currentActivityStage to CREATED, currentActivity=com.example.dogglers.VerticalListActivity@fd52e15
07-02 16:26:28.571 22931 22931 D LifecycleMonitor: Lifecycle status change: com.example.dogglers.VerticalListActivity@fd52e15 in: STARTED
07-02 16:26:28.572 22931 22931 V ActivityScenario: Update currentActivityStage to STARTED, currentActivity=com.example.dogglers.VerticalListActivity@fd52e15
07-02 16:26:28.574 22931 22931 D LifecycleMonitor: Lifecycle status change: com.example.dogglers.VerticalListActivity@fd52e15 in: RESUMED
07-02 16:26:28.574 22931 22931 V ActivityScenario: Update currentActivityStage to RESUMED, currentActivity=com.example.dogglers.VerticalListActivity@fd52e15
07-02 16:26:28.600   336   467 D goldfish-address-space: claimShared: Ask to claim region [0x1f4000000 0x1f49a4000]
07-02 16:26:28.601   336   467 D goldfish-address-space: claimShared: Ask to claim region [0x1f49a4000 0x1f5348000]
07-02 16:26:28.602   336   467 D goldfish-address-space: claimShared: Ask to claim region [0x1f5348000 0x1f5cec000]
07-02 16:26:28.616  3327  3327 I GsaVoiceInteractionSrv: Handling ACTION_STOP_HOTWORD
07-02 16:26:28.616  3327  3327 E HwDetectorWithState: a: 3
07-02 16:26:28.646  1374  1374 I ShortcutsDataManager: ShortcutsDataManager.onContentChanged():73 onContentChanged()
07-02 16:26:28.762   530   572 I ActivityTaskManager: Displayed com.example.dogglers/.VerticalListActivity: +250ms
07-02 16:26:28.794  1374  1374 I GoogleInputMethodService: GoogleInputMethodService.onFinishInput():3420
07-02 16:26:28.794  1374  1374 I GoogleInputMethodService: GoogleInputMethodService.onStartInput():2002
07-02 16:26:28.795  1374  1374 I DeviceUnlockedTag: DeviceUnlockedTag.notifyDeviceLockStatusChanged():31 Notify device unlocked.
07-02 16:26:28.796  1374  1374 I ShortcutsDataManager: AbstractContentDataManager.startImportContentTask():235 startImportContentTask()
07-02 16:26:28.798  1374  1699 I ShortcutsDataManager: AbstractContentDataManager$ImportContentTask.doInBackground():249 doInBackground()
07-02 16:26:28.798  1374  1699 I PersonalDictionaryDataHandler: PersonalDictionaryDataHandler.beginProcess():111 LanguageTags = [en-US]
07-02 16:26:28.810  1374  1699 I ShortcutsDataManager: AbstractContentDataManager.importRecords():339 importRecords() : Success : Count = 0
07-02 16:26:28.811  1374  1699 I ShortcutsDataManager: AbstractContentDataManager.importContentData():289 importContentData() : Ending import process
07-02 16:26:28.818  1374  1699 I PersonalLanguageModelUpdater: PersonalLanguageModelUpdater$UpdateOperation.performInternal():162 run() : Added 0 words and 0 shortcuts
07-02 16:26:28.818  1374  1699 I DynamicLanguageModelOperation: DynamicLanguageModelOperation.perform():38 perform() : 4 : cny : Completed
07-02 16:26:28.819  1374  1374 I ShortcutsDataManager: AbstractContentDataManager$ImportContentTask.onPostExecute():260 onPostExecute() : Result = [2,0]
07-02 16:26:28.819  1374  1374 I ShortcutsDataManager: ShortcutsDataManager.onImportFinished():83 onImportFinished() : Result = 2 : Count = 0
07-02 16:26:28.844 22931 22931 D LifecycleMonitor: Lifecycle status change: androidx.test.core.app.InstrumentationActivityInvoker$BootstrapActivity@469fea3 in: STOPPED
07-02 16:26:28.844 22931 22931 V ActivityScenario: Activity lifecycle changed event received but ignored because the intent does not match. startActivityIntent=Intent { act=android.intent.action.MAIN cat=[android.intent.category.LAUNCHER] cmp=com.example.dogglers/.VerticalListActivity }, activity.getIntent()=Intent { act=android.intent.action.MAIN cat=[android.intent.category.LAUNCHER] flg=0x10008000 cmp=com.example.dogglers/androidx.test.core.app.InstrumentationActivityInvoker$BootstrapActivity (has extras) }, activity=androidx.test.core.app.InstrumentationActivityInvoker$BootstrapActivity@469fea3
07-02 16:26:28.848  3243  3243 I A       : onApplyWindowInsets: systemWindowInsets=Insets{left=0, top=66, right=0, bottom=132}
07-02 16:26:28.848  3243  3243 I A       : onApplyWindowInsets: systemWindowInsets=Insets{left=0, top=66, right=0, bottom=132}
07-02 16:26:28.992   795   877 D EGL_emulation: app_time_stats: avg=42.15ms min=1.40ms max=418.80ms count=23
07-02 16:26:29.097   530  1902 W InputManager-JNI: Input channel object 'a79c816 Splash Screen com.example.dogglers (client)' was disposed without first being removed with the input manager!
07-02 16:26:30.005   795   877 D EGL_emulation: app_time_stats: avg=2.61ms min=0.80ms max=34.63ms count=54
07-02 16:26:30.209 22931 22964 D EGL_emulation: app_time_stats: avg=132.84ms min=1.97ms max=1269.80ms count=10
07-02 16:26:35.121  7097  7097 D BoundBrokerSvc: onUnbind: Intent { act=com.google.android.gms.feedback.internal.IFeedbackService cmp=com.google.android.gms/.chimera.GmsBoundBrokerService }
07-02 16:26:38.737   345   345 E android.hardware.power.stats@1.0-service-mock: Failed to getEnergyData
07-02 16:27:00.030   795   877 D EGL_emulation: app_time_stats: avg=1995.31ms min=1.33ms max=31356.85ms count=16
07-02 16:27:12.959 22931 22931 I ViewInteraction: Checking 'MatchesViewAssertion{viewMatcher=(view has effective visibility <VISIBLE> and view.getGlobalVisibleRect() to return non-empty rectangle)}' assertion on view an instance of android.widget.TextView and view.getText() with or without transformation to match: is "Tzeitel"
07-02 16:27:18.204 22931 22931 I ViewInteraction: Checking 'MatchesViewAssertion{viewMatcher=(view has effective visibility <VISIBLE> and view.getGlobalVisibleRect() to return non-empty rectangle)}' assertion on view an instance of android.widget.TextView and view.getText() with or without transformation to match: is "7"
07-02 16:27:18.204 22931 22931 E ViewAssertions: '(view has effective visibility <VISIBLE> and view.getGlobalVisibleRect() to return non-empty rectangle)' check could not be performed because view 'an instance of android.widget.TextView and view.getText() with or without transformation to match: is "7"' was not found.
07-02 16:27:18.211 22931 22964 D EGL_emulation: app_time_stats: avg=2984.91ms min=1.44ms max=47705.66ms count=16
07-02 16:27:18.214 22931 22931 D LifecycleMonitor: Lifecycle status change: com.example.dogglers.VerticalListActivity@fd52e15 in: PAUSED
07-02 16:27:18.214 22931 22931 V ActivityScenario: Update currentActivityStage to PAUSED, currentActivity=com.example.dogglers.VerticalListActivity@fd52e15
07-02 16:27:18.218 22931 22931 D LifecycleMonitor: Lifecycle status change: androidx.test.core.app.InstrumentationActivityInvoker$EmptyActivity@d9ffa21 in: PRE_ON_CREATE
07-02 16:27:18.218 22931 22931 V ActivityScenario: Activity lifecycle changed event received but ignored because the intent does not match. startActivityIntent=Intent { act=android.intent.action.MAIN cat=[android.intent.category.LAUNCHER] cmp=com.example.dogglers/.VerticalListActivity }, activity.getIntent()=Intent { act=android.intent.action.MAIN cat=[android.intent.category.LAUNCHER] flg=0x10000000 cmp=com.example.dogglers/androidx.test.core.app.InstrumentationActivityInvoker$EmptyActivity }, activity=androidx.test.core.app.InstrumentationActivityInvoker$EmptyActivity@d9ffa21
07-02 16:27:18.225 22931 22931 D LifecycleMonitor: Lifecycle status change: androidx.test.core.app.InstrumentationActivityInvoker$EmptyActivity@d9ffa21 in: CREATED
07-02 16:27:18.225 22931 22931 V ActivityScenario: Activity lifecycle changed event received but ignored because the intent does not match. startActivityIntent=Intent { act=android.intent.action.MAIN cat=[android.intent.category.LAUNCHER] cmp=com.example.dogglers/.VerticalListActivity }, activity.getIntent()=Intent { act=android.intent.action.MAIN cat=[android.intent.category.LAUNCHER] flg=0x10000000 cmp=com.example.dogglers/androidx.test.core.app.InstrumentationActivityInvoker$EmptyActivity }, activity=androidx.test.core.app.InstrumentationActivityInvoker$EmptyActivity@d9ffa21
07-02 16:27:18.226 22931 22931 D LifecycleMonitor: Lifecycle status change: androidx.test.core.app.InstrumentationActivityInvoker$EmptyActivity@d9ffa21 in: STARTED
07-02 16:27:18.226 22931 22931 V ActivityScenario: Activity lifecycle changed event received but ignored because the intent does not match. startActivityIntent=Intent { act=android.intent.action.MAIN cat=[android.intent.category.LAUNCHER] cmp=com.example.dogglers/.VerticalListActivity }, activity.getIntent()=Intent { act=android.intent.action.MAIN cat=[android.intent.category.LAUNCHER] flg=0x10000000 cmp=com.example.dogglers/androidx.test.core.app.InstrumentationActivityInvoker$EmptyActivity }, activity=androidx.test.core.app.InstrumentationActivityInvoker$EmptyActivity@d9ffa21
07-02 16:27:18.227 22931 22931 D LifecycleMonitor: Lifecycle status change: androidx.test.core.app.InstrumentationActivityInvoker$EmptyActivity@d9ffa21 in: RESUMED
07-02 16:27:18.227 22931 22931 V ActivityScenario: Activity lifecycle changed event received but ignored because the intent does not match. startActivityIntent=Intent { act=android.intent.action.MAIN cat=[android.intent.category.LAUNCHER] cmp=com.example.dogglers/.VerticalListActivity }, activity.getIntent()=Intent { act=android.intent.action.MAIN cat=[android.intent.category.LAUNCHER] flg=0x10000000 cmp=com.example.dogglers/androidx.test.core.app.InstrumentationActivityInvoker$EmptyActivity }, activity=androidx.test.core.app.InstrumentationActivityInvoker$EmptyActivity@d9ffa21
07-02 16:27:18.243   336   467 D goldfish-address-space: claimShared: Ask to claim region [0x1ec000000 0x1ec9a4000]
07-02 16:27:18.245   336   467 D goldfish-address-space: claimShared: Ask to claim region [0x1ecfd0000 0x1ed974000]
07-02 16:27:18.246   336   467 D goldfish-address-space: claimShared: Ask to claim region [0x1ed974000 0x1ee318000]
07-02 16:27:18.252   530   572 I ActivityTaskManager: Displayed com.example.dogglers/androidx.test.core.app.InstrumentationActivityInvoker$EmptyActivity: +42ms
07-02 16:27:18.261 22931 22931 D LifecycleMonitor: Lifecycle status change: com.example.dogglers.VerticalListActivity@fd52e15 in: STOPPED
07-02 16:27:18.261 22931 22931 V ActivityScenario: Update currentActivityStage to STOPPED, currentActivity=com.example.dogglers.VerticalListActivity@fd52e15
07-02 16:27:18.270  1374  1374 I GoogleInputMethodService: GoogleInputMethodService.onFinishInput():3420
07-02 16:27:18.270  1374  1374 I GoogleInputMethodService: GoogleInputMethodService.onStartInput():2002
07-02 16:27:18.272  1374  1374 I DeviceUnlockedTag: DeviceUnlockedTag.notifyDeviceLockStatusChanged():31 Notify device unlocked.
07-02 16:27:18.273 22931 22931 D LifecycleMonitor: Lifecycle status change: com.example.dogglers.VerticalListActivity@fd52e15 in: DESTROYED
07-02 16:27:18.273 22931 22931 V ActivityScenario: Update currentActivityStage to DESTROYED, currentActivity=null
07-02 16:27:18.281   530  3654 W InputManager-JNI: Input channel object '81e074c com.example.dogglers/com.example.dogglers.VerticalListActivity (client)' was disposed without first being removed with the input manager!
07-02 16:27:18.285 22931 22931 D LifecycleMonitor: Lifecycle status change: androidx.test.core.app.InstrumentationActivityInvoker$EmptyActivity@d9ffa21 in: PAUSED
07-02 16:27:18.285 22931 22931 V ActivityScenario: Activity lifecycle changed event received but ignored because the intent does not match. startActivityIntent=Intent { act=android.intent.action.MAIN cat=[android.intent.category.LAUNCHER] cmp=com.example.dogglers/.VerticalListActivity }, activity.getIntent()=Intent { act=android.intent.action.MAIN cat=[android.intent.category.LAUNCHER] flg=0x10000000 cmp=com.example.dogglers/androidx.test.core.app.InstrumentationActivityInvoker$EmptyActivity }, activity=androidx.test.core.app.InstrumentationActivityInvoker$EmptyActivity@d9ffa21
07-02 16:27:18.289 22931 22931 D LifecycleMonitor: Lifecycle status change: androidx.test.core.app.InstrumentationActivityInvoker$BootstrapActivity@469fea3 in: DESTROYED
07-02 16:27:18.289 22931 22931 V ActivityScenario: Activity lifecycle changed event received but ignored because the intent does not match. startActivityIntent=Intent { act=android.intent.action.MAIN cat=[android.intent.category.LAUNCHER] cmp=com.example.dogglers/.VerticalListActivity }, activity.getIntent()=Intent { act=android.intent.action.MAIN cat=[android.intent.category.LAUNCHER] flg=0x10008000 cmp=com.example.dogglers/androidx.test.core.app.InstrumentationActivityInvoker$BootstrapActivity (has extras) }, activity=androidx.test.core.app.InstrumentationActivityInvoker$BootstrapActivity@469fea3
07-02 16:27:18.293 22931 22931 D LifecycleMonitor: Lifecycle status change: androidx.test.core.app.InstrumentationActivityInvoker$EmptyActivity@35c501e in: PRE_ON_CREATE
07-02 16:27:18.294 22931 22931 V ActivityScenario: Activity lifecycle changed event received but ignored because the intent does not match. startActivityIntent=Intent { act=android.intent.action.MAIN cat=[android.intent.category.LAUNCHER] cmp=com.example.dogglers/.VerticalListActivity }, activity.getIntent()=Intent { act=android.intent.action.MAIN cat=[android.intent.category.LAUNCHER] flg=0x10000000 cmp=com.example.dogglers/androidx.test.core.app.InstrumentationActivityInvoker$EmptyActivity }, activity=androidx.test.core.app.InstrumentationActivityInvoker$EmptyActivity@35c501e
07-02 16:27:18.300 22931 22931 D LifecycleMonitor: Lifecycle status change: androidx.test.core.app.InstrumentationActivityInvoker$EmptyActivity@35c501e in: CREATED
07-02 16:27:18.300 22931 22931 V ActivityScenario: Activity lifecycle changed event received but ignored because the intent does not match. startActivityIntent=Intent { act=android.intent.action.MAIN cat=[android.intent.category.LAUNCHER] cmp=com.example.dogglers/.VerticalListActivity }, activity.getIntent()=Intent { act=android.intent.action.MAIN cat=[android.intent.category.LAUNCHER] flg=0x10000000 cmp=com.example.dogglers/androidx.test.core.app.InstrumentationActivityInvoker$EmptyActivity }, activity=androidx.test.core.app.InstrumentationActivityInvoker$EmptyActivity@35c501e
07-02 16:27:18.301 22931 22931 D LifecycleMonitor: Lifecycle status change: androidx.test.core.app.InstrumentationActivityInvoker$EmptyActivity@35c501e in: STARTED
07-02 16:27:18.301 22931 22931 V ActivityScenario: Activity lifecycle changed event received but ignored because the intent does not match. startActivityIntent=Intent { act=android.intent.action.MAIN cat=[android.intent.category.LAUNCHER] cmp=com.example.dogglers/.VerticalListActivity }, activity.getIntent()=Intent { act=android.intent.action.MAIN cat=[android.intent.category.LAUNCHER] flg=0x10000000 cmp=com.example.dogglers/androidx.test.core.app.InstrumentationActivityInvoker$EmptyActivity }, activity=androidx.test.core.app.InstrumentationActivityInvoker$EmptyActivity@35c501e
07-02 16:27:18.302 22931 22931 D LifecycleMonitor: Lifecycle status change: androidx.test.core.app.InstrumentationActivityInvoker$EmptyActivity@35c501e in: RESUMED
07-02 16:27:18.305 22931 22931 V ActivityScenario: Activity lifecycle changed event received but ignored because the intent does not match. startActivityIntent=Intent { act=android.intent.action.MAIN cat=[android.intent.category.LAUNCHER] cmp=com.example.dogglers/.VerticalListActivity }, activity.getIntent()=Intent { act=android.intent.action.MAIN cat=[android.intent.category.LAUNCHER] flg=0x10000000 cmp=com.example.dogglers/androidx.test.core.app.InstrumentationActivityInvoker$EmptyActivity }, activity=androidx.test.core.app.InstrumentationActivityInvoker$EmptyActivity@35c501e
07-02 16:27:18.329   336   467 D goldfish-address-space: claimShared: Ask to claim region [0x1ee318000 0x1eecbc000]
07-02 16:27:18.331   336   467 D goldfish-address-space: claimShared: Ask to claim region [0x1eecbc000 0x1ef660000]
07-02 16:27:18.332   336   467 D goldfish-address-space: claimShared: Ask to claim region [0x1f21c4000 0x1f2b68000]
07-02 16:27:18.338   530   572 I ActivityTaskManager: Displayed com.example.dogglers/androidx.test.core.app.InstrumentationActivityInvoker$EmptyActivity: +78ms
07-02 16:27:18.342 22931 22931 D LifecycleMonitor: Lifecycle status change: androidx.test.core.app.InstrumentationActivityInvoker$EmptyActivity@d9ffa21 in: STOPPED
07-02 16:27:18.343 22931 22931 V ActivityScenario: Activity lifecycle changed event received but ignored because the intent does not match. startActivityIntent=Intent { act=android.intent.action.MAIN cat=[android.intent.category.LAUNCHER] cmp=com.example.dogglers/.VerticalListActivity }, activity.getIntent()=Intent { act=android.intent.action.MAIN cat=[android.intent.category.LAUNCHER] flg=0x10000000 cmp=com.example.dogglers/androidx.test.core.app.InstrumentationActivityInvoker$EmptyActivity }, activity=androidx.test.core.app.InstrumentationActivityInvoker$EmptyActivity@d9ffa21
07-02 16:27:18.345   336   467 D goldfish-address-space: claimShared: Ask to claim region [0x1f2b68000 0x1f3194000]
07-02 16:27:18.359 22931 22931 D LifecycleMonitor: Lifecycle status change: androidx.test.core.app.InstrumentationActivityInvoker$EmptyActivity@d9ffa21 in: DESTROYED
07-02 16:27:18.359 22931 22931 V ActivityScenario: Activity lifecycle changed event received but ignored because the intent does not match. startActivityIntent=Intent { act=android.intent.action.MAIN cat=[android.intent.category.LAUNCHER] cmp=com.example.dogglers/.VerticalListActivity }, activity.getIntent()=Intent { act=android.intent.action.MAIN cat=[android.intent.category.LAUNCHER] flg=0x10000000 cmp=com.example.dogglers/androidx.test.core.app.InstrumentationActivityInvoker$EmptyActivity }, activity=androidx.test.core.app.InstrumentationActivityInvoker$EmptyActivity@d9ffa21
07-02 16:27:18.361   530  3236 W InputManager-JNI: Input channel object '14f744f com.example.dogglers/androidx.test.core.app.InstrumentationActivityInvoker$EmptyActivity (client)' was disposed without first being removed with the input manager!
07-02 16:27:18.364 22931 22931 D LifecycleMonitor: Lifecycle status change: androidx.test.core.app.InstrumentationActivityInvoker$EmptyActivity@35c501e in: PAUSED
07-02 16:27:18.364 22931 22931 V ActivityScenario: Activity lifecycle changed event received but ignored because the intent does not match. startActivityIntent=Intent { act=android.intent.action.MAIN cat=[android.intent.category.LAUNCHER] cmp=com.example.dogglers/.VerticalListActivity }, activity.getIntent()=Intent { act=android.intent.action.MAIN cat=[android.intent.category.LAUNCHER] flg=0x10000000 cmp=com.example.dogglers/androidx.test.core.app.InstrumentationActivityInvoker$EmptyActivity }, activity=androidx.test.core.app.InstrumentationActivityInvoker$EmptyActivity@35c501e
07-02 16:27:18.367 22931 22961 E TestRunner: failed: vertical_scroll_content_at_first_position(com.example.dogglers.VerticalListTests)
07-02 16:27:18.367 22931 22961 E TestRunner: ----- begin exception -----
07-02 16:27:18.370 22931 22961 E TestRunner: androidx.test.espresso.NoMatchingViewException: No views in hierarchy found matching: an instance of android.widget.TextView and view.getText() with or without transformation to match: is "7"
07-02 16:27:18.370 22931 22961 E TestRunner:
07-02 16:27:18.370 22931 22961 E TestRunner: View Hierarchy:
07-02 16:27:18.370 22931 22961 E TestRunner: +>DecorView{id=-1, visibility=VISIBLE, width=1080, height=2340, has-focus=false, has-focusable=true, has-window-focus=true, is-clickable=false, is-enabled=true, is-focused=false, is-focusable=false, is-layout-requested=false, is-selected=false, layout-params={(0,0)(fillxfill) ty=BASE_APPLICATION wanim=0x10302fe
07-02 16:27:18.370 22931 22961 E TestRunner:   fl=LAYOUT_IN_SCREEN LAYOUT_INSET_DECOR SPLIT_TOUCH HARDWARE_ACCELERATED DRAWS_SYSTEM_BAR_BACKGROUNDS
07-02 16:27:18.370 22931 22961 E TestRunner:   pfl=NO_MOVE_ANIMATION FORCE_DRAW_STATUS_BAR_BACKGROUND FIT_INSETS_CONTROLLED
07-02 16:27:18.370 22931 22961 E TestRunner:   bhv=DEFAULT
07-02 16:27:18.370 22931 22961 E TestRunner:   fitSides=}, tag=null, root-is-layout-requested=false, has-input-connection=false, x=0.0, y=0.0, child-count=3}
07-02 16:27:18.370 22931 22961 E TestRunner: |
07-02 16:27:18.370 22931 22961 E TestRunner: +->LinearLayout{id=-1, visibility=VISIBLE, width=1080, height=2208, has-focus=false, has-focusable=true, has-window-focus=true, is-clickable=false, is-enabled=true, is-focused=false, is-focusable=false, is-layout-requested=false, is-selected=false, layout-params=android.widget.FrameLayout$LayoutParams@62905a2, tag=null, root-is-layout-requested=false, has-input-connection=false, x=0.0, y=0.0, child-count=2}
07-02 16:27:18.370 22931 22961 E TestRunner: |
07-02 16:27:18.370 22931 22961 E TestRunner: +-->ViewStub{id=16908720, res-name=action_mode_bar_stub, visibility=GONE, width=0, height=0, has-focus=false, has-focusable=false, has-window-focus=true, is-clickable=false, is-enabled=true, is-focused=false, is-focusable=false, is-layout-requested=true, is-selected=false, layout-params=android.widget.LinearLayout$LayoutParams@c7af233, tag=null, root-is-layout-requested=false, has-input-connection=false, x=0.0, y=0.0}
07-02 16:27:18.370 22931 22961 E TestRunner: |
07-02 16:27:18.370 22931 22961 E TestRunner: +-->FrameLayout{id=-1, visibility=VISIBLE, width=1080, height=2142, has-focus=false, has-focusable=true, has-window-focus=true, is-clickable=false, is-enabled=true, is-focused=false, is-focusable=false, is-layout-requested=false, is-selected=false, layout-params=android.widget.LinearLayout$LayoutParams@2421b69, tag=null, root-is-layout-requested=false, has-input-connection=false, x=0.0, y=66.0, child-count=1}
07-02 16:27:18.370 22931 22961 E TestRunner: |
07-02 16:27:18.370 22931 22961 E TestRunner: +--->ActionBarOverlayLayout{id=2131230866, res-name=decor_content_parent, visibility=VISIBLE, width=1080, height=2142, has-focus=false, has-focusable=true, has-window-focus=true, is-clickable=false, is-enabled=true, is-focused=false, is-focusable=false, is-layout-requested=false, is-selected=false, layout-params=android.widget.FrameLayout$LayoutParams@e27a51c, tag=null, root-is-layout-requested=false, has-input-connection=false, x=0.0, y=0.0, child-count=2}
07-02 16:27:18.370 22931 22961 E TestRunner: |
07-02 16:27:18.370 22931 22961 E TestRunner: +---->ContentFrameLayout{id=16908290, res-name=content, visibility=VISIBLE, width=1080, height=1988, has-focus=false, has-focusable=true, has-window-focus=true, is-clickable=false, is-enabled=true, is-focused=false, is-focusable=false, is-layout-requested=false, is-selected=false, layout-params=androidx.appcompat.widget.ActionBarOverlayLayout$LayoutParams@f29a6fa, tag=null, root-is-layout-requested=false, has-input-connection=false, x=0.0, y=154.0, child-count=1}
07-02 16:27:18.370 22931 22961 E TestRunner: |
07-02 16:27:18.370 22931 22961 E TestRunner: +----->FrameLayout{id=-1, visibility=VISIBLE, width=1080, height=1988, has-focus=false, has-focusable=true, has-window-focus=true, is-clickable=false, is-enabled=true, is-focused=false, is-focusable=false, is-layout-requested=false, is-selected=false, layout-params=android.widget.FrameLayout$LayoutParams@897f708, tag=null, root-is-layout-requested=false, has-input-connection=false, x=0.0, y=0.0, child-count=1}
07-02 16:27:18.370 22931 22961 E TestRunner: |
07-02 16:27:18.370 22931 22961 E TestRunner: +------>RecyclerView{id=2131231206, res-name=vertical_recycler_view, visibility=VISIBLE, width=1080, height=1988, has-focus=false, has-focusable=true, has-window-focus=true, is-clickable=false, is-enabled=true, is-focused=false, is-focusable=true, is-layout-requested=false, is-selected=false, layout-params=android.widget.FrameLayout$LayoutParams@6397bb4, tag=null, root-is-layout-requested=false, has-input-connection=false, x=0.0, y=0.0, child-count=3}
07-02 16:27:18.370 22931 22961 E TestRunner: |
07-02 16:27:18.370 22931 22961 E TestRunner: +------->MaterialCardView{id=-1, visibility=VISIBLE, width=1036, height=755, has-focus=false, has-focusable=true, has-window-focus=true, is-clickable=false, is-enabled=true, is-focused=false, is-focusable=false, is-layout-requested=false, is-selected=false, layout-params=androidx.recyclerview.widget.RecyclerView$LayoutParams@5c21b52, tag=null, root-is-layout-requested=false, has-input-connection=false, x=22.0, y=22.0, is-checked=false, child-count=1}
07-02 16:27:18.370 22931 22961 E TestRunner: |
07-02 16:27:18.370 22931 22961 E TestRunner: +-------->ConstraintLayout{id=-1, visibility=VISIBLE, width=1036, height=755, has-focus=false, has-focusable=true, has-window-focus=true, is-clickable=false, is-enabled=true, is-focused=false, is-focusable=false, is-layout-requested=false, is-selected=false, layout-params=android.widget.FrameLayout$LayoutParams@92c297f, tag=null, root-is-layout-requested=false, has-input-connection=false, x=0.0, y=0.0, child-count=4}
07-02 16:27:18.370 22931 22961 E TestRunner: |
07-02 16:27:18.370 22931 22961 E TestRunner: +--------->AppCompatImageView{id=2131230885, res-name=dog_image, visibility=VISIBLE, width=1036, height=534, has-focus=false, has-focusable=false, has-window-focus=true, is-clickable=false, is-enabled=true, is-focused=false, is-focusable=false, is-layout-requested=false, is-selected=false, layout-params=androidx.constraintlayout.widget.ConstraintLayout$LayoutParams@3ac8d4c, tag=null, root-is-layout-requested=false, has-input-connection=false, x=0.0, y=0.0}
07-02 16:27:18.370 22931 22961 E TestRunner: |
07-02 16:27:18.370 22931 22961 E TestRunner: +--------->MaterialTextView{id=2131230886, res-name=dog_name, visibility=VISIBLE, width=169, height=74, has-focus=false, has-focusable=false, has-window-focus=true, is-clickable=false, is-enabled=true, is-focused=false, is-focusable=false, is-layout-requested=false, is-selected=false, layout-params=androidx.constraintlayout.widget.ConstraintLayout$LayoutParams@84d8195, tag=null, root-is-layout-requested=false, has-input-connection=false, x=22.0, y=556.0, text=Tzeitel, input-type=0, ime-target=false, has-links=false}
07-02 16:27:18.370 22931 22961 E TestRunner: |
07-02 16:27:18.370 22931 22961 E TestRunner: +--------->MaterialTextView{id=2131230883, res-name=dog_age, visibility=VISIBLE, width=133, height=59, has-focus=false, has-focusable=false, has-window-focus=true, is-clickable=false, is-enabled=true, is-focused=false, is-focusable=false, is-layout-requested=false, is-selected=false, layout-params=androidx.constraintlayout.widget.ConstraintLayout$LayoutParams@4b9c2aa, tag=null, root-is-layout-requested=false, has-input-connection=false, x=22.0, y=674.0, text=Age: 7, input-type=0, ime-target=false, has-links=false}
07-02 16:27:18.370 22931 22961 E TestRunner: |
07-02 16:27:18.370 22931 22961 E TestRunner: +--------->MaterialTextView{id=2131230884, res-name=dog_habbies, visibility=VISIBLE, width=430, height=59, has-focus=false, has-focusable=true, has-window-focus=true, is-clickable=true, is-enabled=true, is-focused=false, is-focusable=true, is-layout-requested=false, is-selected=false, layout-params=androidx.constraintlayout.widget.ConstraintLayout$LayoutParams@3c74f57, tag=null, root-is-layout-requested=false, has-input-connection=true, editor-info=[inputType=0x20001 imeOptions=0x48000005 privateImeOptions=null actionLabel=null actionId=0 initialSelStart=-1 initialSelEnd=-1 initialCapsMode=0x0 hintText=null label=null packageName=null autofillId=null fieldId=0 fieldName=null extras=null hintLocales=null contentMimeTypes=null ], x=584.0, y=674.0, text=Hobbies: sunbathing, input-type=131073, ime-target=false, has-links=false}
07-02 16:27:18.370 22931 22961 E TestRunner: |
07-02 16:27:18.370 22931 22961 E TestRunner: +------->MaterialCardView{id=-1, visibility=VISIBLE, width=1036, height=755, has-focus=false, has-focusable=true, has-window-focus=true, is-clickable=false, is-enabled=true, is-focused=false, is-focusable=false, is-layout-requested=false, is-selected=false, layout-params=androidx.recyclerview.widget.RecyclerView$LayoutParams@963f72d, tag=null, root-is-layout-requested=false, has-input-connection=false, x=22.0, y=821.0, is-checked=false, child-count=1}
07-02 16:27:18.370 22931 22961 E TestRunner: |
07-02 16:27:18.370 22931 22961 E TestRunner: +-------->ConstraintLayout{id=-1, visibility=VISIBLE, width=1036, height=755, has-focus=false, has-focusable=true, has-window-focus=true, is-clickable=false, is-enabled=true, is-focused=false, is-focusable=false, is-layout-requested=false, is-selected=false, layout-params=android.widget.FrameLayout$LayoutParams@eae2462, tag=null, root-is-layout-requested=false, has-input-connection=false, x=0.0, y=0.0, child-count=4}
07-02 16:27:18.370 22931 22961 E TestRunner: |
07-02 16:27:18.370 22931 22961 E TestRunner: +--------->AppCompatImageView{id=2131230885, res-name=dog_image, visibility=VISIBLE, width=1036, height=534, has-focus=false, has-focusable=false, has-window-focus=true, is-clickable=false, is-enabled=true, is-focused=false, is-focusable=false, is-layout-requested=false, is-selected=false, layout-params=androidx.constraintlayout.widget.ConstraintLayout$LayoutParams@50789f3, tag=null, root-is-layout-requested=false, has-input-connection=false, x=0.0, y=0.0}
07-02 16:27:18.370 22931 22961 E TestRunner: |
07-02 16:27:18.370 22931 22961 E TestRunner: +--------->MaterialTextView{id=2131230886, res-name=dog_name, visibility=VISIBLE, width=139, height=74, has-focus=false, has-focusable=false, has-window-focus=true, is-clickable=false, is-enabled=true, is-focused=false, is-focusable=false, is-layout-requested=false, is-selected=false, layout-params=androidx.constraintlayout.widget.ConstraintLayout$LayoutParams@52ff6b0, tag=null, root-is-layout-requested=false, has-input-connection=false, x=22.0, y=556.0, text=Leroy, input-type=0, ime-target=false, has-links=false}
07-02 16:27:18.370 22931 22961 E TestRunner: |
07-02 16:27:18.370 22931 22961 E TestRunner: +--------->MaterialTextView{id=2131230883, res-name=dog_age, visibility=VISIBLE, width=133, height=59, has-focus=false, has-focusable=false, has-window-focus=true, is-clickable=false, is-enabled=true, is-focused=false, is-focusable=false, is-layout-requested=false, is-selected=false, layout-params=androidx.constraintlayout.widget.ConstraintLayout$LayoutParams@eb5d929, tag=null, root-is-layout-requested=false, has-input-connection=false, x=22.0, y=674.0, text=Age: 4, input-type=0, ime-target=false, has-links=false}
07-02 16:27:18.370 22931 22961 E TestRunner: |
07-02 16:27:18.370 22931 22961 E TestRunner: +--------->MaterialTextView{id=2131230884, res-name=dog_habbies, visibility=VISIBLE, width=806, height=59, has-focus=false, has-focusable=true, has-window-focus=true, is-clickable=true, is-enabled=true, is-focused=false, is-focusable=true, is-layout-requested=false, is-selected=false, layout-params=androidx.constraintlayout.widget.ConstraintLayout$LayoutParams@10047d1, tag=null, root-is-layout-requested=false, has-input-connection=true, editor-info=[inputType=0x20001 imeOptions=0x4c000005 privateImeOptions=null actionLabel=null actionId=0 initialSelStart=-1 initialSelEnd=-1 initialCapsMode=0x0 hintText=null label=null packageName=null autofillId=null fieldId=0 fieldName=null extras=null hintLocales=null contentMimeTypes=null ], x=208.0, y=674.0, text=Hobbies: sleeping in dangerous places, input-type=131073, ime-target=false, has-links=false}
07-02 16:27:18.370 22931 22961 E TestRunner: |
07-02 16:27:18.370 22931 22961 E TestRunner: +------->MaterialCardView{id=-1, visibility=VISIBLE, width=1036, height=755, has-focus=false, has-focusable=true, has-window-focus=true, is-clickable=false, is-enabled=true, is-focused=false, is-focusable=false, is-layout-requested=false, is-selected=false, layout-params=androidx.recyclerview.widget.RecyclerView$LayoutParams@c6f4537, tag=null, root-is-layout-requested=false, has-input-connection=false, x=22.0, y=1620.0, is-checked=false, child-count=1}
07-02 16:27:18.370 22931 22961 E TestRunner: |
07-02 16:27:18.370 22931 22961 E TestRunner: +-------->ConstraintLayout{id=-1, visibility=VISIBLE, width=1036, height=755, has-focus=false, has-focusable=true, has-window-focus=true, is-clickable=false, is-enabled=true, is-focused=false, is-focusable=false, is-layout-requested=false, is-selected=false, layout-params=android.widget.FrameLayout$LayoutParams@2016aa4, tag=null, root-is-layout-requested=false, has-input-connection=false, x=0.0, y=0.0, child-count=4}
07-02 16:27:18.370 22931 22961 E TestRunner: |
07-02 16:27:18.370 22931 22961 E TestRunner: +--------->AppCompatImageView{id=2131230885, res-name=dog_image, visibility=VISIBLE, width=1036, height=534, has-focus=false, has-focusable=false, has-window-focus=true, is-clickable=false, is-enabled=true, is-focused=false, is-focusable=false, is-layout-requested=false, is-selected=false, layout-params=androidx.constraintlayout.widget.ConstraintLayout$LayoutParams@7f0900d, tag=null, root-is-layout-requested=false, has-input-connection=false, x=0.0, y=0.0}
07-02 16:27:18.370 22931 22961 E TestRunner: |
07-02 16:27:18.370 22931 22961 E TestRunner: +--------->MaterialTextView{id=2131230886, res-name=dog_name, visibility=VISIBLE, width=186, height=74, has-focus=false, has-focusable=false, has-window-focus=true, is-clickable=false, is-enabled=true, is-focused=false, is-focusable=false, is-layout-requested=false, is-selected=false, layout-params=androidx.constraintlayout.widget.ConstraintLayout$LayoutParams@45f7bc2, tag=null, root-is-layout-requested=false, has-input-connection=false, x=22.0, y=556.0, text=Frankie, input-type=0, ime-target=false, has-links=false}
07-02 16:27:18.370 22931 22961 E TestRunner: |
07-02 16:27:18.370 22931 22961 E TestRunner: +--------->MaterialTextView{id=2131230883, res-name=dog_age, visibility=VISIBLE, width=133, height=59, has-focus=false, has-focusable=false, has-window-focus=true, is-clickable=false, is-enabled=true, is-focused=false, is-focusable=false, is-layout-requested=false, is-selected=false, layout-params=androidx.constraintlayout.widget.ConstraintLayout$LayoutParams@e68fdd3, tag=null, root-is-layout-requested=false, has-input-connection=false, x=22.0, y=674.0, text=Age: 2, input-type=0, ime-target=false, has-links=false}
07-02 16:27:18.370 22931 22961 E TestRunner: |
07-02 16:27:18.370 22931 22961 E TestRunner: +--------->MaterialTextView{id=2131230884, res-name=dog_habbies, visibility=VISIBLE, width=499, height=59, has-focus=false, has-focusable=true, has-window-focus=true, is-clickable=true, is-enabled=true, is-focused=false, is-focusable=true, is-layout-requested=false, is-selected=false, layout-params=androidx.constraintlayout.widget.ConstraintLayout$LayoutParams@adae63b, tag=null, root-is-layout-requested=false, has-input-connection=true, editor-info=[inputType=0x20001 imeOptions=0x4c000005 privateImeOptions=null actionLabel=null actionId=0 initialSelStart=-1 initialSelEnd=-1 initialCapsMode=0x0 hintText=null label=null packageName=null autofillId=null fieldId=0 fieldName=null extras=null hintLocales=null contentMimeTypes=null ], x=515.0, y=674.0, text=Hobbies: stealing socks, input-type=131073, ime-target=false, has-links=false}
07-02 16:27:18.370 22931 22961 E TestRunner: |
07-02 16:27:18.370 22931 22961 E TestRunner: +---->ActionBarContainer{id=2131230774, res-name=action_bar_container, visibility=VISIBLE, width=1080, height=154, has-focus=false, has-focusable=false, has-window-focus=true, is-clickable=false, is-enabled=true, is-focused=false, is-focusable=false, is-layout-requested=false, is-selected=false, layout-params=androidx.appcompat.widget.ActionBarOverlayLayout$LayoutParams@fab4396, tag=null, root-is-layout-requested=false, has-input-connection=false, x=0.0, y=0.0, child-count=2}
07-02 16:27:18.370 22931 22961 E TestRunner: |
07-02 16:27:18.370 22931 22961 E TestRunner: +----->Toolbar{id=2131230772, res-name=action_bar, visibility=VISIBLE, width=1080, height=154, has-focus=false, has-focusable=false, has-window-focus=true, is-clickable=false, is-enabled=true, is-focused=false, is-focusable=false, is-layout-requested=false, is-selected=false, layout-params=android.widget.FrameLayout$LayoutParams@687ab17, tag=null, root-is-layout-requested=false, has-input-connection=false, x=0.0, y=0.0, child-count=3}
07-02 16:27:18.370 22931 22961 E TestRunner: |
07-02 16:27:18.370 22931 22961 E TestRunner: +------>AppCompatTextView{id=-1, visibility=VISIBLE, width=225, height=74, has-focus=false, has-focusable=false, has-window-focus=true, is-clickable=false, is-enabled=true, is-focused=false, is-focusable=false, is-layout-requested=false, is-selected=false, layout-params=androidx.appcompat.widget.Toolbar$LayoutParams@8af0b04, tag=null, root-is-layout-requested=false, has-input-connection=false, x=198.0, y=40.0, text=Dogglers, input-type=0, ime-target=false, has-links=false}
07-02 16:27:18.370 22931 22961 E TestRunner: |
07-02 16:27:18.370 22931 22961 E TestRunner: +------>AppCompatImageButton{id=-1, desc=Navigate up, visibility=VISIBLE, width=154, height=154, has-focus=false, has-focusable=false, has-window-focus=true, is-clickable=true, is-enabled=true, is-focused=false, is-focusable=true, is-layout-requested=false, is-selected=false, layout-params=androidx.appcompat.widget.Toolbar$LayoutParams@fb18ed, tag=null, root-is-layout-requested=false, has-input-connection=false, x=0.0, y=0.0}
07-02 16:27:18.370 22931 22961 E TestRunner: |
07-02 16:27:18.370 22931 22961 E TestRunner: +------>ActionMenuView{id=-1, visibility=VISIBLE, width=0, height=154, has-focus=false, has-focusable=false, has-window-focus=true, is-clickable=false, is-enabled=true, is-focused=false, is-focusable=false, is-layout-requested=false, is-selected=false, layout-params=androidx.appcompat.widget.Toolbar$LayoutParams@d00322, tag=null, root-is-layout-requested=false, has-input-connection=false, x=1080.0, y=0.0, child-count=0}
07-02 16:27:18.370 22931 22961 E TestRunner: |
07-02 16:27:18.370 22931 22961 E TestRunner: +----->ActionBarContextView{id=2131230780, res-name=action_context_bar, visibility=GONE, width=0, height=0, has-focus=false, has-focusable=false, has-window-focus=true, is-clickable=false, is-enabled=true, is-focused=false, is-focusable=false, is-layout-requested=true, is-selected=false, layout-params=android.widget.FrameLayout$LayoutParams@7d1e1b3, tag=null, root-is-layout-requested=false, has-input-connection=false, x=0.0, y=0.0, child-count=0}
07-02 16:27:18.370 22931 22961 E TestRunner: |
07-02 16:27:18.370 22931 22961 E TestRunner: +->View{id=16908336, res-name=navigationBarBackground, visibility=VISIBLE, width=1080, height=132, has-focus=false, has-focusable=false, has-window-focus=true, is-clickable=false, is-enabled=true, is-focused=false, is-focusable=false, is-layout-requested=false, is-selected=false, layout-params=android.widget.FrameLayout$LayoutParams@a93d370, tag=null, root-is-layout-requested=false, has-input-connection=false, x=0.0, y=2208.0}
07-02 16:27:18.370 22931 22961 E TestRunner: |
07-02 16:27:18.370 22931 22961 E TestRunner: +->View{id=16908335, res-name=statusBarBackground, visibility=VISIBLE, width=1080, height=66, has-focus=false, has-focusable=false, has-window-focus=true, is-clickable=false, is-enabled=true, is-focused=false, is-focusable=false, is-layout-requested=false, is-selected=false, layout-params=android.widget.FrameLayout$LayoutParams@3fd56e9, tag=null, root-is-layout-requested=false, has-input-connection=false, x=0.0, y=0.0}
07-02 16:27:18.370 22931 22961 E TestRunner: 	at dalvik.system.VMStack.getThreadStackTrace(Native Method)
07-02 16:27:18.370 22931 22961 E TestRunner: 	at java.lang.Thread.getStackTrace(Thread.java:1724)
07-02 16:27:18.370 22931 22961 E TestRunner: 	at androidx.test.espresso.base.DefaultFailureHandler.getUserFriendlyError(DefaultFailureHandler.java:12)
07-02 16:27:18.370 22931 22961 E TestRunner: 	at androidx.test.espresso.base.DefaultFailureHandler.handle(DefaultFailureHandler.java:7)
07-02 16:27:18.370 22931 22961 E TestRunner: 	at androidx.test.espresso.ViewInteraction.waitForAndHandleInteractionResults(ViewInteraction.java:8)
07-02 16:27:18.370 22931 22961 E TestRunner: 	at androidx.test.espresso.ViewInteraction.check(ViewInteraction.java:12)
07-02 16:27:18.370 22931 22961 E TestRunner: 	at com.example.dogglers.BaseTest.hasListItemContent(BaseTest.kt:59)
07-02 16:27:18.370 22931 22961 E TestRunner: 	at com.example.dogglers.BaseTest.checkFirstPosition(BaseTest.kt:70)
07-02 16:27:18.370 22931 22961 E TestRunner: 	at com.example.dogglers.VerticalListTests.vertical_scroll_content_at_first_position(VerticalListTests.kt:42)
07-02 16:27:18.370 22931 22961 E TestRunner: 	at java.lang.reflect.Method.invoke(Native Method)
07-02 16:27:18.370 22931 22961 E TestRunner: 	at org.junit.runners.model.FrameworkMethod$1.runReflectiveCall(FrameworkMethod.java:50)
07-02 16:27:18.370 22931 22961 E TestRunner: 	at org.junit.internal.runners.model.ReflectiveCallable.run(ReflectiveCallable.java:12)
07-02 16:27:18.370 22931 22961 E TestRunner: 	at org.junit.runners.model.FrameworkMethod.invokeExplosively(FrameworkMethod.java:47)
07-02 16:27:18.370 22931 22961 E TestRunner: 	at org.junit.internal.runners.statements.InvokeMethod.evaluate(InvokeMethod.java:17)
07-02 16:27:18.370 22931 22961 E TestRunner: 	at org.junit.rules.ExternalResource$1.evaluate(ExternalResource.java:48)
07-02 16:27:18.370 22931 22961 E TestRunner: 	at org.junit.rules.RunRules.evaluate(RunRules.java:20)
07-02 16:27:18.370 22931 22961 E TestRunner: 	at org.junit.runners.ParentRunner.runLeaf(ParentRunner.java:325)
07-02 16:27:18.370 22931 22961 E TestRunner: 	at org.junit.runners.BlockJUnit4ClassRunner.runChild(BlockJUnit4ClassRunner.java:78)
07-02 16:27:18.370 22931 22961 E TestRunner: 	at org.junit.runners.BlockJUnit4ClassRunner.runChild(BlockJUnit4ClassRunner.java:57)
07-02 16:27:18.370 22931 22961 E TestRunner: 	at org.junit.runners.ParentRunner$3.run(ParentRunner.java:290)
07-02 16:27:18.370 22931 22961 E TestRunner: 	at org.junit.runners.ParentRunner$1.schedule(ParentRunner.java:71)
07-02 16:27:18.370 22931 22961 E TestRunner: 	at org.junit.runners.ParentRunner.runChildren(ParentRunner.java:288)
07-02 16:27:18.370 22931 22961 E TestRunner: 	at org.junit.runners.ParentRunner.access$000(ParentRunner.java:58)
07-02 16:27:18.370 22931 22961 E TestRunner: 	at org.junit.runners.ParentRunner$2.evaluate(ParentRunner.java:268)
07-02 16:27:18.370 22931 22961 E TestRunner: 	at org.junit.runners.ParentRunner.run(ParentRunner.java:363)
07-02 16:27:18.370 22931 22961 E TestRunner: 	at androidx.test.ext.junit.runners.AndroidJUnit4.run(AndroidJUnit4.java:162)
07-02 16:27:18.370 22931 22961 E TestRunner: 	at org.junit.runners.Suite.runChild(Suite.java:128)
07-02 16:27:18.370 22931 22961 E TestRunner: 	at org.junit.runners.Suite.runChild(Suite.java:27)
07-02 16:27:18.370 22931 22961 E TestRunner: 	at org.junit.runners.ParentRunner$3.run(ParentRunner.java:290)
07-02 16:27:18.370 22931 22961 E TestRunner: 	at org.junit.runners.ParentRunner$1.schedule(ParentRunner.java:71)
07-02 16:27:18.370 22931 22961 E TestRunner: 	at org.junit.runners.ParentRunner.runChildren(ParentRunner.java:288)
07-02 16:27:18.370 22931 22961 E TestRunner: 	at org.junit.runners.ParentRunner.access$000(ParentRunner.java:58)
07-02 16:27:18.370 22931 22961 E TestRunner: 	at org.junit.runners.ParentRunner$2.evaluate(ParentRunner.java:268)
07-02 16:27:18.370 22931 22961 E TestRunner: 	at org.junit.runners.ParentRunner.run(ParentRunner.java:363)
07-02 16:27:18.370 22931 22961 E TestRunner: 	at org.junit.runner.JUnitCore.run(JUnitCore.java:137)
07-02 16:27:18.370 22931 22961 E TestRunner: 	at org.junit.runner.JUnitCore.run(JUnitCore.java:115)
07-02 16:27:18.370 22931 22961 E TestRunner: 	at androidx.test.internal.runner.TestExecutor.execute(TestExecutor.java:56)
07-02 16:27:18.370 22931 22961 E TestRunner: 	at androidx.test.runner.AndroidJUnitRunner.onStart(AndroidJUnitRunner.java:444)
07-02 16:27:18.370 22931 22961 E TestRunner: 	at android.app.Instrumentation$InstrumentationThread.run(Instrumentation.java:2248)
07-02 16:27:18.370 22931 22961 E TestRunner: ----- end exception -----
07-02 16:27:18.373  3243  3243 I A       : onApplyWindowInsets: systemWindowInsets=Insets{left=0, top=66, right=0, bottom=132}
07-02 16:27:18.373  3243  3243 I A       : onApplyWindowInsets: systemWindowInsets=Insets{left=0, top=66, right=0, bottom=132}
07-02 16:27:18.374   336   467 D goldfish-address-space: claimShared: Ask to claim region [0x1ecfd0000 0x1ed974000]
